138.204.133.115 - - [18/Jan/2019:21:28:43 +0000] "GET / HTTP/1.1" 403 162 "-" "Mozilla/5.0 (Macintosh; Intel Mac OS X 10_11_6) AppleWebKit/601.7.7 (KHTML, like Gecko) Version/9.1.2 Safari/601.7.7"
61.176.222.170 - - [18/Jan/2019:21:28:49 +0000] "GET http://47.99.121.32:39169/Ip/Up?Ip=27.131.144.56&Port=8080&Check=103&Order=61.176.222.170 HTTP/1.1" 404 162 "-" "Mozilla/5.0 (Windows NT 6.1; WOW64; rv:62.0) Gecko/20100101 Firefox/62.0"
61.176.222.170 - - [18/Jan/2019:21:36:36 +0000] "GET http://47.99.121.32:39169/Ip/Up?Ip=27.131.144.56&Port=8080&Check=103&Order=61.176.222.170 HTTP/1.1" 404 162 "-" "Mozilla/5.0 (Windows NT 6.1; WOW64; rv:62.0) Gecko/20100101 Firefox/62.0"
61.176.222.170 - - [18/Jan/2019:21:44:20 +0000] "GET http://47.99.121.32:39169/Ip/Up?Ip=27.131.144.56&Port=8080&Check=103&Order=61.176.222.170 HTTP/1.1" 404 162 "-" "Mozilla/5.0 (Windows NT 6.1; WOW64; rv:62.0) Gecko/20100101 Firefox/62.0"
61.176.222.170 - - [18/Jan/2019:21:52:05 +0000] "GET http://47.99.121.32:39169/Ip/Up?Ip=27.131.144.56&Port=8080&Check=103&Order=61.176.222.170 HTTP/1.1" 404 162 "-" "Mozilla/5.0 (Windows NT 6.1; WOW64; rv:62.0) Gecko/20100101 Firefox/62.0"
61.176.222.170 - - [18/Jan/2019:21:55:59 +0000] "GET http://47.99.121.32:39169/Ip/Up?Ip=27.131.144.56&Port=8080&Check=103&Order=61.176.222.170 HTTP/1.1" 404 162 "-" "Mozilla/5.0 (Windows NT 6.1; WOW64; rv:62.0) Gecko/20100101 Firefox/62.0"
61.176.222.170 - - [18/Jan/2019:21:59:58 +0000] "GET http://47.99.121.32:39169/Ip/Up?Ip=27.131.144.56&Port=8080&Check=103&Order=61.176.222.170 HTTP/1.1" 404 162 "-" "Mozilla/5.0 (Windows NT 6.1; WOW64; rv:62.0) Gecko/20100101 Firefox/62.0"
61.176.222.170 - - [18/Jan/2019:22:03:54 +0000] "GET http://47.99.121.32:39169/Ip/Up?Ip=27.131.144.56&Port=8080&Check=103&Order=61.176.222.170 HTTP/1.1" 404 162 "-" "Mozilla/5.0 (Windows NT 6.1; WOW64; rv:62.0) Gecko/20100101 Firefox/62.0"
185.234.217.215 - - [18/Jan/2019:22:39:13 +0000] "CONNECT www.google.com:443 HTTP/1.1" 400 166 "-" "-"
175.8.1.21 - - [18/Jan/2019:22:58:25 +0000] "CONNECT mbp.yimg.com:443 HTTP/1.1" 400 166 "-" "-"
175.8.1.21 - - [18/Jan/2019:22:58:28 +0000] "CONNECT mbp.yimg.com:443 HTTP/1.1" 400 166 "-" "-"
175.8.1.21 - - [18/Jan/2019:22:58:29 +0000] "CONNECT mbp.yimg.com:443 HTTP/1.1" 400 166 "-" "-"
175.8.1.21 - - [18/Jan/2019:22:58:29 +0000] "CONNECT js.foundation:443 HTTP/1.1" 400 166 "-" "-"
175.8.1.21 - - [18/Jan/2019:22:58:30 +0000] "CONNECT js.foundation:443 HTTP/1.1" 400 166 "-" "-"
175.8.1.21 - - [18/Jan/2019:22:58:31 +0000] "CONNECT js.foundation:443 HTTP/1.1" 400 166 "-" "-"
61.176.222.170 - - [18/Jan/2019:22:58:41 +0000] "GET http://47.99.121.32:39169/Ip/Up?Ip=27.131.144.56&Port=8080&Check=103&Order=61.176.222.170 HTTP/1.1" 404 162 "-" "Mozilla/5.0 (Windows NT 6.1; WOW64; rv:62.0) Gecko/20100101 Firefox/62.0"
61.176.222.170 - - [18/Jan/2019:23:02:32 +0000] "GET http://47.99.121.32:39169/Ip/Up?Ip=27.131.144.56&Port=8080&Check=103&Order=61.176.222.170 HTTP/1.1" 404 162 "-" "Mozilla/5.0 (Windows NT 6.1; WOW64; rv:62.0) Gecko/20100101 Firefox/62.0"
61.176.222.170 - - [18/Jan/2019:23:14:06 +0000] "GET http://47.99.121.32:39169/Ip/Up?Ip=27.131.144.56&Port=8080&Check=103&Order=61.176.222.170 HTTP/1.1" 404 162 "-" "Mozilla/5.0 (Windows NT 6.1; WOW64; rv:62.0) Gecko/20100101 Firefox/62.0"
61.176.222.170 - - [18/Jan/2019:23:17:58 +0000] "GET http://47.99.121.32:39169/Ip/Up?Ip=27.131.144.56&Port=8080&Check=103&Order=61.176.222.170 HTTP/1.1" 404 162 "-" "Mozilla/5.0 (Windows NT 6.1; WOW64; rv:62.0) Gecko/20100101 Firefox/62.0"
177.139.26.202 - - [19/Jan/2019:00:04:09 +0000] "GET / HTTP/1.1" 403 564 "-" "Mozilla/5.0 (Windows NT 10.0; WOW64) AppleWebKit/537.36 (KHTML, like Gecko) Chrome/52.0.2743.116 Safari/537.36"
74.82.47.3 - - [19/Jan/2019:00:04:36 +0000] "GET / HTTP/1.1" 403 162 "-" "-"
61.176.222.170 - - [19/Jan/2019:00:19:38 +0000] "GET http://47.99.121.32:39169/Ip/Up?Ip=27.131.144.56&Port=8080&Check=103&Order=61.176.222.170 HTTP/1.1" 404 162 "-" "Mozilla/5.0 (Windows NT 6.1; WOW64; rv:62.0) Gecko/20100101 Firefox/62.0"
61.176.222.170 - - [19/Jan/2019:00:58:09 +0000] "GET http://47.99.121.32:39169/Ip/Up?Ip=27.131.144.56&Port=8080&Check=103&Order=61.176.222.170 HTTP/1.1" 404 162 "-" "Mozilla/5.0 (Windows NT 6.1; WOW64; rv:62.0) Gecko/20100101 Firefox/62.0"
61.176.222.170 - - [19/Jan/2019:01:02:07 +0000] "GET http://47.99.121.32:39169/Ip/Up?Ip=27.131.144.56&Port=8080&Check=103&Order=61.176.222.170 HTTP/1.1" 404 162 "-" "Mozilla/5.0 (Windows NT 6.1; WOW64; rv:62.0) Gecko/20100101 Firefox/62.0"
61.176.222.170 - - [19/Jan/2019:01:06:00 +0000] "GET http://47.99.121.32:39169/Ip/Up?Ip=27.131.144.56&Port=8080&Check=103&Order=61.176.222.170 HTTP/1.1" 404 162 "-" "Mozilla/5.0 (Windows NT 6.1; WOW64; rv:62.0) Gecko/20100101 Firefox/62.0"
61.176.222.170 - - [19/Jan/2019:01:09:50 +0000] "GET http://47.99.121.32:39169/Ip/Up?Ip=27.131.144.56&Port=8080&Check=103&Order=61.176.222.170 HTTP/1.1" 404 162 "-" "Mozilla/5.0 (Windows NT 6.1; WOW64; rv:62.0) Gecko/20100101 Firefox/62.0"
61.176.222.170 - - [19/Jan/2019:01:29:04 +0000] "GET http://47.99.121.32:39169/Ip/Up?Ip=27.131.144.56&Port=8080&Check=103&Order=61.176.222.170 HTTP/1.1" 404 162 "-" "Mozilla/5.0 (Windows NT 6.1; WOW64; rv:62.0) Gecko/20100101 Firefox/62.0"
61.176.222.170 - - [19/Jan/2019:01:36:47 +0000] "GET http://47.99.121.32:39169/Ip/Up?Ip=27.131.144.56&Port=8080&Check=103&Order=61.176.222.170 HTTP/1.1" 404 162 "-" "Mozilla/5.0 (Windows NT 6.1; WOW64; rv:62.0) Gecko/20100101 Firefox/62.0"
61.176.222.170 - - [19/Jan/2019:01:40:42 +0000] "GET http://47.99.121.32:39169/Ip/Up?Ip=27.131.144.56&Port=8080&Check=103&Order=61.176.222.170 HTTP/1.1" 404 162 "-" "Mozilla/5.0 (Windows NT 6.1; WOW64; rv:62.0) Gecko/20100101 Firefox/62.0"
61.176.222.170 - - [19/Jan/2019:02:26:53 +0000] "GET http://47.99.121.32:39169/Ip/Up?Ip=27.131.144.56&Port=8080&Check=103&Order=61.176.222.170 HTTP/1.1" 404 162 "-" "Mozilla/5.0 (Windows NT 6.1; WOW64; rv:62.0) Gecko/20100101 Firefox/62.0"
177.9.102.20 - - [19/Jan/2019:02:31:49 +0000] "GET / HTTP/1.1" 403 564 "-" "Mozilla/5.0 (Windows NT 10.0; WOW64) AppleWebKit/537.36 (KHTML, like Gecko) Chrome/52.0.2743.116 Safari/537.36"
61.176.222.170 - - [19/Jan/2019:02:34:36 +0000] "GET http://47.99.121.32:39169/Ip/Up?Ip=27.131.144.56&Port=8080&Check=103&Order=61.176.222.170 HTTP/1.1" 404 162 "-" "Mozilla/5.0 (Windows NT 6.1; WOW64; rv:62.0) Gecko/20100101 Firefox/62.0"
175.8.1.21 - - [19/Jan/2019:02:34:52 +0000] "CONNECT mbp.yimg.com:443 HTTP/1.1" 400 166 "-" "-"
175.8.1.21 - - [19/Jan/2019:02:34:53 +0000] "CONNECT mbp.yimg.com:443 HTTP/1.1" 400 166 "-" "-"
61.176.222.170 - - [19/Jan/2019:02:50:01 +0000] "GET http://47.99.121.32:39169/Ip/Up?Ip=27.131.144.56&Port=8080&Check=103&Order=61.176.222.170 HTTP/1.1" 404 162 "-" "Mozilla/5.0 (Windows NT 6.1; WOW64; rv:62.0) Gecko/20100101 Firefox/62.0"
168.232.42.176 - - [19/Jan/2019:03:00:53 +0000] "GET / HTTP/1.1" 403 564 "-" "Mozilla/5.0 (Windows NT 10.0; WOW64) AppleWebKit/537.36 (KHTML, like Gecko) Chrome/52.0.2743.116 Safari/537.36"
61.176.222.170 - - [19/Jan/2019:03:05:28 +0000] "GET http://47.99.121.32:39169/Ip/Up?Ip=27.131.144.56&Port=8080&Check=103&Order=61.176.222.170 HTTP/1.1" 404 162 "-" "Mozilla/5.0 (Windows NT 6.1; WOW64; rv:62.0) Gecko/20100101 Firefox/62.0"
61.176.222.170 - - [19/Jan/2019:03:17:10 +0000] "GET http://47.99.121.32:39169/Ip/Up?Ip=27.131.144.56&Port=8080&Check=103&Order=61.176.222.170 HTTP/1.1" 404 162 "-" "Mozilla/5.0 (Windows NT 6.1; WOW64; rv:62.0) Gecko/20100101 Firefox/62.0"
61.176.222.170 - - [19/Jan/2019:03:24:53 +0000] "GET http://47.99.121.32:39169/Ip/Up?Ip=27.131.144.56&Port=8080&Check=103&Order=61.176.222.170 HTTP/1.1" 404 162 "-" "Mozilla/5.0 (Windows NT 6.1; WOW64; rv:62.0) Gecko/20100101 Firefox/62.0"
193.106.29.146 - - [19/Jan/2019:03:32:43 +0000] "\x03\x00\x00/*\xE0\x00\x00\x00\x00\x00Cookie: mstshash=Administr" 400 166 "-" "-"
61.176.222.170 - - [19/Jan/2019:03:55:48 +0000] "GET http://47.99.121.32:39169/Ip/Up?Ip=27.131.144.56&Port=8080&Check=103&Order=61.176.222.170 HTTP/1.1" 404 162 "-" "Mozilla/5.0 (Windows NT 6.1; WOW64; rv:62.0) Gecko/20100101 Firefox/62.0"
92.53.64.28 - - [19/Jan/2019:04:21:42 +0000] "\x03\x00\x00\x13\x0E\xE0\x00\x00\x00\x00\x00\x01\x00\x08\x00\x02\x00\x00\x00\x03\x00\x01\xD6" 400 166 "-" "-"
61.176.222.170 - - [19/Jan/2019:04:23:01 +0000] "GET http://47.99.121.32:39169/Ip/Up?Ip=27.131.144.56&Port=8080&Check=103&Order=61.176.222.170 HTTP/1.1" 404 162 "-" "Mozilla/5.0 (Windows NT 6.1; WOW64; rv:62.0) Gecko/20100101 Firefox/62.0"
61.176.222.170 - - [19/Jan/2019:04:42:27 +0000] "GET http://47.99.121.32:39169/Ip/Up?Ip=27.131.144.56&Port=8080&Check=103&Order=61.176.222.170 HTTP/1.1" 404 162 "-" "Mozilla/5.0 (Windows NT 6.1; WOW64; rv:62.0) Gecko/20100101 Firefox/62.0"
61.176.222.170 - - [19/Jan/2019:04:50:12 +0000] "GET http://47.99.121.32:39169/Ip/Up?Ip=27.131.144.56&Port=8080&Check=103&Order=61.176.222.170 HTTP/1.1" 404 162 "-" "Mozilla/5.0 (Windows NT 6.1; WOW64; rv:62.0) Gecko/20100101 Firefox/62.0"
61.176.222.170 - - [19/Jan/2019:04:54:04 +0000] "GET http://47.99.121.32:39169/Ip/Up?Ip=27.131.144.56&Port=8080&Check=103&Order=61.176.222.170 HTTP/1.1" 404 162 "-" "Mozilla/5.0 (Windows NT 6.1; WOW64; rv:62.0) Gecko/20100101 Firefox/62.0"
61.176.222.170 - - [19/Jan/2019:05:05:43 +0000] "GET http://47.99.121.32:39169/Ip/Up?Ip=27.131.144.56&Port=8080&Check=103&Order=61.176.222.170 HTTP/1.1" 404 162 "-" "Mozilla/5.0 (Windows NT 6.1; WOW64; rv:62.0) Gecko/20100101 Firefox/62.0"
61.176.222.170 - - [19/Jan/2019:05:32:42 +0000] "GET http://47.99.121.32:39169/Ip/Up?Ip=27.131.144.56&Port=8080&Check=103&Order=61.176.222.170 HTTP/1.1" 404 162 "-" "Mozilla/5.0 (Windows NT 6.1; WOW64; rv:62.0) Gecko/20100101 Firefox/62.0"
61.176.222.170 - - [19/Jan/2019:05:36:38 +0000] "GET http://47.99.121.32:39169/Ip/Up?Ip=27.131.144.56&Port=8080&Check=103&Order=61.176.222.170 HTTP/1.1" 404 162 "-" "Mozilla/5.0 (Windows NT 6.1; WOW64; rv:62.0) Gecko/20100101 Firefox/62.0"
61.176.222.170 - - [19/Jan/2019:05:48:14 +0000] "GET http://47.99.121.32:39169/Ip/Up?Ip=27.131.144.56&Port=8080&Check=103&Order=61.176.222.170 HTTP/1.1" 404 162 "-" "Mozilla/5.0 (Windows NT 6.1; WOW64; rv:62.0) Gecko/20100101 Firefox/62.0"
178.93.28.106 - - [19/Jan/2019:05:59:20 +0000] "GET / HTTP/1.1" 403 564 "-" "Mozilla/5.0 (Windows NT 10.0; WOW64) AppleWebKit/537.36 (KHTML, like Gecko) Chrome/51.0.2704.103 Safari/537.36"
61.176.222.170 - - [19/Jan/2019:05:59:48 +0000] "GET http://47.99.121.32:39169/Ip/Up?Ip=27.131.144.56&Port=8080&Check=103&Order=61.176.222.170 HTTP/1.1" 404 162 "-" "Mozilla/5.0 (Windows NT 6.1; WOW64; rv:62.0) Gecko/20100101 Firefox/62.0"
175.8.1.21 - - [19/Jan/2019:06:23:28 +0000] "CONNECT mbp.yimg.com:443 HTTP/1.1" 400 166 "-" "-"
175.8.1.21 - - [19/Jan/2019:06:23:54 +0000] "CONNECT js.foundation:443 HTTP/1.1" 400 166 "-" "-"
175.8.1.21 - - [19/Jan/2019:06:24:08 +0000] "CONNECT js.foundation:443 HTTP/1.1" 400 166 "-" "-"
61.176.222.170 - - [19/Jan/2019:06:38:28 +0000] "GET http://47.99.121.32:39169/Ip/Up?Ip=27.131.144.56&Port=8080&Check=103&Order=61.176.222.170 HTTP/1.1" 404 162 "-" "Mozilla/5.0 (Windows NT 6.1; WOW64; rv:62.0) Gecko/20100101 Firefox/62.0"
61.176.222.170 - - [19/Jan/2019:06:50:05 +0000] "GET http://47.99.121.32:39169/Ip/Up?Ip=27.131.144.56&Port=8080&Check=103&Order=61.176.222.170 HTTP/1.1" 404 162 "-" "Mozilla/5.0 (Windows NT 6.1; WOW64; rv:62.0) Gecko/20100101 Firefox/62.0"
61.176.222.170 - - [19/Jan/2019:06:53:56 +0000] "GET http://47.99.121.32:39169/Ip/Up?Ip=27.131.144.56&Port=8080&Check=103&Order=61.176.222.170 HTTP/1.1" 404 162 "-" "Mozilla/5.0 (Windows NT 6.1; WOW64; rv:62.0) Gecko/20100101 Firefox/62.0"
61.176.222.170 - - [19/Jan/2019:07:01:44 +0000] "GET http://47.99.121.32:39169/Ip/Up?Ip=27.131.144.56&Port=8080&Check=103&Order=61.176.222.170 HTTP/1.1" 404 162 "-" "Mozilla/5.0 (Windows NT 6.1; WOW64; rv:62.0) Gecko/20100101 Firefox/62.0"
61.176.222.170 - - [19/Jan/2019:07:24:51 +0000] "GET http://47.99.121.32:39169/Ip/Up?Ip=27.131.144.56&Port=8080&Check=103&Order=61.176.222.170 HTTP/1.1" 404 162 "-" "Mozilla/5.0 (Windows NT 6.1; WOW64; rv:62.0) Gecko/20100101 Firefox/62.0"
61.176.222.170 - - [19/Jan/2019:08:07:34 +0000] "GET http://47.99.121.32:39169/Ip/Up?Ip=27.131.144.56&Port=8080&Check=103&Order=61.176.222.170 HTTP/1.1" 404 162 "-" "Mozilla/5.0 (Windows NT 6.1; WOW64; rv:62.0) Gecko/20100101 Firefox/62.0"
61.176.222.170 - - [19/Jan/2019:08:11:23 +0000] "GET http://47.99.121.32:39169/Ip/Up?Ip=27.131.144.56&Port=8080&Check=103&Order=61.176.222.170 HTTP/1.1" 404 162 "-" "Mozilla/5.0 (Windows NT 6.1; WOW64; rv:62.0) Gecko/20100101 Firefox/62.0"
61.176.222.170 - - [19/Jan/2019:08:50:08 +0000] "GET http://47.99.121.32:39169/Ip/Up?Ip=27.131.144.56&Port=8080&Check=103&Order=61.176.222.170 HTTP/1.1" 404 162 "-" "Mozilla/5.0 (Windows NT 6.1; WOW64; rv:62.0) Gecko/20100101 Firefox/62.0"
61.176.222.170 - - [19/Jan/2019:08:54:01 +0000] "GET http://47.99.121.32:39169/Ip/Up?Ip=27.131.144.56&Port=8080&Check=103&Order=61.176.222.170 HTTP/1.1" 404 162 "-" "Mozilla/5.0 (Windows NT 6.1; WOW64; rv:62.0) Gecko/20100101 Firefox/62.0"
196.52.43.109 - - [19/Jan/2019:09:00:55 +0000] "GET / HTTP/1.0" 403 162 "-" "Mozilla/5.0(WindowsNT6.1;rv:31.0)Gecko/20100101Firefox/31.0"
61.176.222.170 - - [19/Jan/2019:09:01:43 +0000] "GET http://47.99.121.32:39169/Ip/Up?Ip=27.131.144.56&Port=8080&Check=103&Order=61.176.222.170 HTTP/1.1" 404 162 "-" "Mozilla/5.0 (Windows NT 6.1; WOW64; rv:62.0) Gecko/20100101 Firefox/62.0"
61.176.222.170 - - [19/Jan/2019:09:09:28 +0000] "GET http://47.99.121.32:39169/Ip/Up?Ip=27.131.144.56&Port=8080&Check=103&Order=61.176.222.170 HTTP/1.1" 404 162 "-" "Mozilla/5.0 (Windows NT 6.1; WOW64; rv:62.0) Gecko/20100101 Firefox/62.0"
61.176.222.170 - - [19/Jan/2019:09:17:20 +0000] "GET http://47.99.121.32:39169/Ip/Up?Ip=27.131.144.56&Port=8080&Check=103&Order=61.176.222.170 HTTP/1.1" 404 162 "-" "Mozilla/5.0 (Windows NT 6.1; WOW64; rv:62.0) Gecko/20100101 Firefox/62.0"
185.234.217.215 - - [19/Jan/2019:09:30:42 +0000] "CONNECT www.google.com:443 HTTP/1.1" 400 166 "-" "-"
139.162.79.87 - - [19/Jan/2019:09:53:12 +0000] "GET / HTTP/1.1" 403 162 "-" "Mozilla/5.0"
61.176.222.170 - - [19/Jan/2019:10:05:12 +0000] "GET http://47.99.121.32:39169/Ip/Up?Ip=27.131.144.56&Port=8080&Check=103&Order=61.176.222.170 HTTP/1.1" 404 162 "-" "Mozilla/5.0 (Windows NT 6.1; WOW64; rv:62.0) Gecko/20100101 Firefox/62.0"
61.176.222.170 - - [19/Jan/2019:10:36:56 +0000] "GET http://47.99.121.32:39169/Ip/Up?Ip=27.131.144.56&Port=8080&Check=103&Order=61.176.222.170 HTTP/1.1" 404 162 "-" "Mozilla/5.0 (Windows NT 6.1; WOW64; rv:62.0) Gecko/20100101 Firefox/62.0"
61.176.222.170 - - [19/Jan/2019:10:44:42 +0000] "GET http://47.99.121.32:39169/Ip/Up?Ip=27.131.144.56&Port=8080&Check=103&Order=61.176.222.170 HTTP/1.1" 404 162 "-" "Mozilla/5.0 (Windows NT 6.1; WOW64; rv:62.0) Gecko/20100101 Firefox/62.0"
175.8.1.21 - - [19/Jan/2019:11:14:06 +0000] "CONNECT mbp.yimg.com:443 HTTP/1.1" 400 166 "-" "-"
175.8.1.21 - - [19/Jan/2019:11:14:17 +0000] "CONNECT mbp.yimg.com:443 HTTP/1.1" 400 166 "-" "-"
106.91.208.158 - - [19/Jan/2019:11:14:21 +0000] "GET http://www.123cha.com HTTP/1.1" 403 564 "-" "Mozilla/5.0 (Windows NT 5.1) AppleWebKit/537.36 (KHTML, like Gecko) Chrome/43.0.2357.132 Safari/537.36"
220.184.99.36 - - [19/Jan/2019:11:14:21 +0000] "GET http://api.ipify.org/ HTTP/1.1" 403 564 "-" "Mozilla/5.0 (Windows NT 6.1; WOW64) AppleWebKit/537.36 (KHTML, like Gecko) Chrome/63.0.3239.132 Safari/537.36"
175.152.32.94 - - [19/Jan/2019:11:14:21 +0000] "CONNECT www.baidu.com HTTP/1.1" 400 166 "-" "-"
106.91.208.158 - - [19/Jan/2019:11:14:25 +0000] "" 400 0 "-" "-"
175.8.1.21 - - [19/Jan/2019:11:14:25 +0000] "CONNECT mbp.yimg.com:443 HTTP/1.1" 400 166 "-" "-"
175.8.1.21 - - [19/Jan/2019:11:14:36 +0000] "CONNECT js.foundation:443 HTTP/1.1" 400 166 "-" "-"
175.8.1.21 - - [19/Jan/2019:11:14:47 +0000] "CONNECT js.foundation:443 HTTP/1.1" 400 166 "-" "-"
61.176.222.170 - - [19/Jan/2019:11:22:42 +0000] "GET http://47.99.121.32:39169/Ip/Up?Ip=27.131.144.56&Port=8080&Check=103&Order=61.176.222.170 HTTP/1.1" 404 162 "-" "Mozilla/5.0 (Windows NT 6.1; WOW64; rv:62.0) Gecko/20100101 Firefox/62.0"
61.176.222.170 - - [19/Jan/2019:11:26:34 +0000] "GET http://47.99.121.32:39169/Ip/Up?Ip=27.131.144.56&Port=8080&Check=103&Order=61.176.222.170 HTTP/1.1" 404 162 "-" "Mozilla/5.0 (Windows NT 6.1; WOW64; rv:62.0) Gecko/20100101 Firefox/62.0"
61.176.222.170 - - [19/Jan/2019:11:34:20 +0000] "GET http://47.99.121.32:39169/Ip/Up?Ip=27.131.144.56&Port=8080&Check=103&Order=61.176.222.170 HTTP/1.1" 404 162 "-" "Mozilla/5.0 (Windows NT 6.1; WOW64; rv:62.0) Gecko/20100101 Firefox/62.0"
61.176.222.170 - - [19/Jan/2019:11:38:15 +0000] "GET http://47.99.121.32:39169/Ip/Up?Ip=27.131.144.56&Port=8080&Check=103&Order=61.176.222.170 HTTP/1.1" 404 162 "-" "Mozilla/5.0 (Windows NT 6.1; WOW64; rv:62.0) Gecko/20100101 Firefox/62.0"
61.176.222.170 - - [19/Jan/2019:11:42:05 +0000] "GET http://47.99.121.32:39169/Ip/Up?Ip=27.131.144.56&Port=8080&Check=103&Order=61.176.222.170 HTTP/1.1" 404 162 "-" "Mozilla/5.0 (Windows NT 6.1; WOW64; rv:62.0) Gecko/20100101 Firefox/62.0"
61.176.222.170 - - [19/Jan/2019:12:02:05 +0000] "GET http://47.99.121.32:39169/Ip/Up?Ip=27.131.144.56&Port=8080&Check=103&Order=61.176.222.170 HTTP/1.1" 404 162 "-" "Mozilla/5.0 (Windows NT 6.1; WOW64; rv:62.0) Gecko/20100101 Firefox/62.0"
61.176.222.170 - - [19/Jan/2019:12:05:56 +0000] "GET http://47.99.121.32:39169/Ip/Up?Ip=27.131.144.56&Port=8080&Check=103&Order=61.176.222.170 HTTP/1.1" 404 162 "-" "Mozilla/5.0 (Windows NT 6.1; WOW64; rv:62.0) Gecko/20100101 Firefox/62.0"
61.176.222.170 - - [19/Jan/2019:12:09:52 +0000] "GET http://47.99.121.32:39169/Ip/Up?Ip=27.131.144.56&Port=8080&Check=103&Order=61.176.222.170 HTTP/1.1" 404 162 "-" "Mozilla/5.0 (Windows NT 6.1; WOW64; rv:62.0) Gecko/20100101 Firefox/62.0"
61.176.222.170 - - [19/Jan/2019:12:13:44 +0000] "GET http://47.99.121.32:39169/Ip/Up?Ip=27.131.144.56&Port=8080&Check=103&Order=61.176.222.170 HTTP/1.1" 404 162 "-" "Mozilla/5.0 (Windows NT 6.1; WOW64; rv:62.0) Gecko/20100101 Firefox/62.0"
2.186.127.169 - - [19/Jan/2019:12:29:44 +0000] "GET / HTTP/1.1" 403 564 "-" "Mozilla/5.0 (Windows NT 6.1; WOW64) AppleWebKit/537.36 (KHTML, like Gecko) Chrome/51.0.2704.103 Safari/537.36"
61.176.222.170 - - [19/Jan/2019:12:36:49 +0000] "GET http://47.99.121.32:39169/Ip/Up?Ip=27.131.144.56&Port=8080&Check=103&Order=61.176.222.170 HTTP/1.1" 404 162 "-" "Mozilla/5.0 (Windows NT 6.1; WOW64; rv:62.0) Gecko/20100101 Firefox/62.0"
179.113.0.89 - - [19/Jan/2019:13:14:44 +0000] "GET / HTTP/1.1" 403 564 "-" "Mozilla/5.0 (Windows NT 10.0; WOW64) AppleWebKit/537.36 (KHTML, like Gecko) Chrome/51.0.2704.103 Safari/537.36"
177.104.22.194 - - [19/Jan/2019:14:09:24 +0000] "GET / HTTP/1.1" 403 564 "-" "Mozilla/5.0 (Windows NT 10.0; WOW64) AppleWebKit/537.36 (KHTML, like Gecko) Chrome/51.0.2704.103 Safari/537.36"
183.89.119.189 - - [19/Jan/2019:14:13:23 +0000] "GET / HTTP/1.1" 403 564 "-" "Mozilla/5.0 (Windows NT 10.0; WOW64) AppleWebKit/537.36 (KHTML, like Gecko) Chrome/51.0.2704.103 Safari/537.36"
175.8.1.21 - - [19/Jan/2019:14:16:26 +0000] "CONNECT mbp.yimg.com:443 HTTP/1.1" 400 166 "-" "-"
175.8.1.21 - - [19/Jan/2019:14:16:35 +0000] "CONNECT mbp.yimg.com:443 HTTP/1.1" 400 166 "-" "-"
175.8.1.21 - - [19/Jan/2019:14:16:42 +0000] "CONNECT js.foundation:443 HTTP/1.1" 400 166 "-" "-"
94.102.49.190 - - [19/Jan/2019:14:22:03 +0000] "GET / HTTP/1.1" 403 564 "-" "Mozilla/5.0 (Windows NT 6.1) AppleWebKit/537.36 (KHTML, like Gecko) Chrome/41.0.2228.0 Safari/537.36"
94.102.49.190 - - [19/Jan/2019:14:22:05 +0000] "GET /favicon.ico HTTP/1.1" 404 162 "-" "python-requests/2.10.0"
61.176.222.170 - - [19/Jan/2019:14:36:09 +0000] "GET http://47.99.121.32:39169/Ip/Up?Ip=27.131.144.56&Port=8080&Check=103&Order=61.176.222.170 HTTP/1.1" 404 162 "-" "Mozilla/5.0 (Windows NT 6.1; WOW64; rv:62.0) Gecko/20100101 Firefox/62.0"
61.176.222.170 - - [19/Jan/2019:14:43:51 +0000] "GET http://47.99.121.32:39169/Ip/Up?Ip=27.131.144.56&Port=8080&Check=103&Order=61.176.222.170 HTTP/1.1" 404 162 "-" "Mozilla/5.0 (Windows NT 6.1; WOW64; rv:62.0) Gecko/20100101 Firefox/62.0"
61.176.222.170 - - [19/Jan/2019:14:51:33 +0000] "GET http://47.99.121.32:39169/Ip/Up?Ip=27.131.144.56&Port=8080&Check=103&Order=61.176.222.170 HTTP/1.1" 404 162 "-" "Mozilla/5.0 (Windows NT 6.1; WOW64; rv:62.0) Gecko/20100101 Firefox/62.0"
61.176.222.170 - - [19/Jan/2019:14:55:24 +0000] "GET http://47.99.121.32:39169/Ip/Up?Ip=27.131.144.56&Port=8080&Check=103&Order=61.176.222.170 HTTP/1.1" 404 162 "-" "Mozilla/5.0 (Windows NT 6.1; WOW64; rv:62.0) Gecko/20100101 Firefox/62.0"
182.55.173.108 - - [19/Jan/2019:14:58:58 +0000] "GET / HTTP/1.0" 403 162 "-" "-"
61.176.222.170 - - [19/Jan/2019:14:59:15 +0000] "GET http://47.99.121.32:39169/Ip/Up?Ip=27.131.144.56&Port=8080&Check=103&Order=61.176.222.170 HTTP/1.1" 404 162 "-" "Mozilla/5.0 (Windows NT 6.1; WOW64; rv:62.0) Gecko/20100101 Firefox/62.0"
212.92.100.179 - - [19/Jan/2019:15:00:23 +0000] "\x03\x00\x00\x13\x0E\xE0\x00\x00\x00\x00\x00\x01\x00\x08\x00\x02\x00\x00\x00\x03\x00\x01\xD6" 400 166 "-" "-"
61.176.222.170 - - [19/Jan/2019:15:06:58 +0000] "GET http://47.99.121.32:39169/Ip/Up?Ip=27.131.144.56&Port=8080&Check=103&Order=61.176.222.170 HTTP/1.1" 404 162 "-" "Mozilla/5.0 (Windows NT 6.1; WOW64; rv:62.0) Gecko/20100101 Firefox/62.0"
103.100.130.124 - - [19/Jan/2019:16:05:00 +0000] "GET / HTTP/1.1" 403 564 "-" "Mozilla/5.0 (Windows NT 10.0; WOW64) AppleWebKit/537.36 (KHTML, like Gecko) Chrome/52.0.2743.116 Safari/537.36"
61.176.222.170 - - [19/Jan/2019:16:20:08 +0000] "GET http://47.99.121.32:39169/Ip/Up?Ip=27.131.144.56&Port=8080&Check=103&Order=61.176.222.170 HTTP/1.1" 404 162 "-" "Mozilla/5.0 (Windows NT 6.1; WOW64; rv:62.0) Gecko/20100101 Firefox/62.0"
77.159.90.166 - - [19/Jan/2019:16:38:28 +0000] "GET / HTTP/1.1" 403 564 "-" "Mozilla/5.0 (Windows NT 6.1; WOW64) AppleWebKit/537.36 (KHTML, like Gecko) Chrome/52.0.2743.116 Safari/537.36"
58.182.197.73 - - [19/Jan/2019:17:01:14 +0000] "GET / HTTP/1.0" 403 162 "-" "-"
61.176.222.170 - - [19/Jan/2019:17:06:20 +0000] "GET http://47.99.121.32:39169/Ip/Up?Ip=27.131.144.56&Port=8080&Check=103&Order=61.176.222.170 HTTP/1.1" 404 162 "-" "Mozilla/5.0 (Windows NT 6.1; WOW64; rv:62.0) Gecko/20100101 Firefox/62.0"
42.159.82.55 - - [19/Jan/2019:17:10:45 +0000] "{\x22method\x22:\x22login\x22,\x22params\x22:{\x22login\x22:\x2245JymPWP1DeQxxMZNJv9w2bTQ2WJDAmw18wUSryDQa3RPrympJPoUSVcFEDv3bhiMJGWaCD4a3KrFCorJHCMqXJUKApSKDV\x22,\x22pass\x22:\x22xxoo\x22,\x22agent\x22:\x22xmr-stak-cpu/1.3.0-1.5.0\x22},\x22id\x22:1}" 400 166 "-" "-"
42.159.82.55 - - [19/Jan/2019:17:10:46 +0000] "{\x22method\x22:\x22login\x22,\x22params\x22:{\x22login\x22:\x2245JymPWP1DeQxxMZNJv9w2bTQ2WJDAmw18wUSryDQa3RPrympJPoUSVcFEDv3bhiMJGWaCD4a3KrFCorJHCMqXJUKApSKDV\x22,\x22pass\x22:\x22xxoo\x22,\x22agent\x22:\x22xmr-stak-cpu/1.3.0-1.5.0\x22},\x22id\x22:1}" 400 166 "-" "-"
42.159.82.55 - - [19/Jan/2019:17:10:46 +0000] "{\x22method\x22:\x22login\x22,\x22params\x22:{\x22login\x22:\x2245JymPWP1DeQxxMZNJv9w2bTQ2WJDAmw18wUSryDQa3RPrympJPoUSVcFEDv3bhiMJGWaCD4a3KrFCorJHCMqXJUKApSKDV\x22,\x22pass\x22:\x22xxoo\x22,\x22agent\x22:\x22xmr-stak-cpu/1.3.0-1.5.0\x22},\x22id\x22:1}" 400 166 "-" "-"
42.159.82.55 - - [19/Jan/2019:17:10:47 +0000] "{\x22method\x22:\x22login\x22,\x22params\x22:{\x22login\x22:\x2245JymPWP1DeQxxMZNJv9w2bTQ2WJDAmw18wUSryDQa3RPrympJPoUSVcFEDv3bhiMJGWaCD4a3KrFCorJHCMqXJUKApSKDV\x22,\x22pass\x22:\x22xxoo\x22,\x22agent\x22:\x22xmr-stak-cpu/1.3.0-1.5.0\x22},\x22id\x22:1}" 400 166 "-" "-"
42.159.82.55 - - [19/Jan/2019:17:10:47 +0000] "{\x22method\x22:\x22login\x22,\x22params\x22:{\x22login\x22:\x2245JymPWP1DeQxxMZNJv9w2bTQ2WJDAmw18wUSryDQa3RPrympJPoUSVcFEDv3bhiMJGWaCD4a3KrFCorJHCMqXJUKApSKDV\x22,\x22pass\x22:\x22xxoo\x22,\x22agent\x22:\x22xmr-stak-cpu/1.3.0-1.5.0\x22},\x22id\x22:1}" 400 166 "-" "-"
42.159.82.55 - - [19/Jan/2019:17:10:48 +0000] "{\x22method\x22:\x22login\x22,\x22params\x22:{\x22login\x22:\x2245JymPWP1DeQxxMZNJv9w2bTQ2WJDAmw18wUSryDQa3RPrympJPoUSVcFEDv3bhiMJGWaCD4a3KrFCorJHCMqXJUKApSKDV\x22,\x22pass\x22:\x22xxoo\x22,\x22agent\x22:\x22xmr-stak-cpu/1.3.0-1.5.0\x22},\x22id\x22:1}" 400 166 "-" "-"
42.159.82.55 - - [19/Jan/2019:17:10:48 +0000] "{\x22method\x22:\x22login\x22,\x22params\x22:{\x22login\x22:\x2245JymPWP1DeQxxMZNJv9w2bTQ2WJDAmw18wUSryDQa3RPrympJPoUSVcFEDv3bhiMJGWaCD4a3KrFCorJHCMqXJUKApSKDV\x22,\x22pass\x22:\x22xxoo\x22,\x22agent\x22:\x22xmr-stak-cpu/1.3.0-1.5.0\x22},\x22id\x22:1}" 400 166 "-" "-"
42.159.82.55 - - [19/Jan/2019:17:10:49 +0000] "{\x22method\x22:\x22login\x22,\x22params\x22:{\x22login\x22:\x2245JymPWP1DeQxxMZNJv9w2bTQ2WJDAmw18wUSryDQa3RPrympJPoUSVcFEDv3bhiMJGWaCD4a3KrFCorJHCMqXJUKApSKDV\x22,\x22pass\x22:\x22xxoo\x22,\x22agent\x22:\x22xmr-stak-cpu/1.3.0-1.5.0\x22},\x22id\x22:1}" 400 166 "-" "-"
42.159.82.55 - - [19/Jan/2019:17:10:50 +0000] "{\x22method\x22:\x22login\x22,\x22params\x22:{\x22login\x22:\x2245JymPWP1DeQxxMZNJv9w2bTQ2WJDAmw18wUSryDQa3RPrympJPoUSVcFEDv3bhiMJGWaCD4a3KrFCorJHCMqXJUKApSKDV\x22,\x22pass\x22:\x22xxoo\x22,\x22agent\x22:\x22xmr-stak-cpu/1.3.0-1.5.0\x22},\x22id\x22:1}" 400 166 "-" "-"
42.159.82.55 - - [19/Jan/2019:17:10:50 +0000] "{\x22method\x22:\x22login\x22,\x22params\x22:{\x22login\x22:\x2245JymPWP1DeQxxMZNJv9w2bTQ2WJDAmw18wUSryDQa3RPrympJPoUSVcFEDv3bhiMJGWaCD4a3KrFCorJHCMqXJUKApSKDV\x22,\x22pass\x22:\x22xxoo\x22,\x22agent\x22:\x22xmr-stak-cpu/1.3.0-1.5.0\x22},\x22id\x22:1}" 400 166 "-" "-"
42.159.82.55 - - [19/Jan/2019:17:10:51 +0000] "{\x22method\x22:\x22login\x22,\x22params\x22:{\x22login\x22:\x2245JymPWP1DeQxxMZNJv9w2bTQ2WJDAmw18wUSryDQa3RPrympJPoUSVcFEDv3bhiMJGWaCD4a3KrFCorJHCMqXJUKApSKDV\x22,\x22pass\x22:\x22xxoo\x22,\x22agent\x22:\x22xmr-stak-cpu/1.3.0-1.5.0\x22},\x22id\x22:1}" 400 166 "-" "-"
42.159.82.55 - - [19/Jan/2019:17:10:51 +0000] "{\x22method\x22:\x22login\x22,\x22params\x22:{\x22login\x22:\x2245JymPWP1DeQxxMZNJv9w2bTQ2WJDAmw18wUSryDQa3RPrympJPoUSVcFEDv3bhiMJGWaCD4a3KrFCorJHCMqXJUKApSKDV\x22,\x22pass\x22:\x22xxoo\x22,\x22agent\x22:\x22xmr-stak-cpu/1.3.0-1.5.0\x22},\x22id\x22:1}" 400 166 "-" "-"
42.159.82.55 - - [19/Jan/2019:17:10:52 +0000] "{\x22method\x22:\x22login\x22,\x22params\x22:{\x22login\x22:\x2245JymPWP1DeQxxMZNJv9w2bTQ2WJDAmw18wUSryDQa3RPrympJPoUSVcFEDv3bhiMJGWaCD4a3KrFCorJHCMqXJUKApSKDV\x22,\x22pass\x22:\x22xxoo\x22,\x22agent\x22:\x22xmr-stak-cpu/1.3.0-1.5.0\x22},\x22id\x22:1}" 400 166 "-" "-"
82.202.219.203 - - [19/Jan/2019:17:22:09 +0000] "\x03\x00\x00\x13\x0E\xE0\x00\x00\x00\x00\x00\x01\x00\x08\x00\x02\x00\x00\x00\x03\x00\x01\xD6" 400 166 "-" "-"
91.102.217.105 - - [19/Jan/2019:17:26:30 +0000] "GET / HTTP/1.1" 403 564 "-" "Mozilla/5.0 (Windows NT 10.0; WOW64) AppleWebKit/537.36 (KHTML, like Gecko) Chrome/52.0.2743.116 Safari/537.36"
88.148.41.162 - - [19/Jan/2019:17:27:24 +0000] "GET / HTTP/1.1" 403 564 "-" "Mozilla/5.0 (Windows NT 6.1; WOW64) AppleWebKit/537.36 (KHTML, like Gecko) Chrome/51.0.2704.103 Safari/537.36"
61.176.222.165 - - [19/Jan/2019:17:34:48 +0000] "GET http://47.99.121.32:39169/Ip/Up?Ip=27.131.144.56&Port=8080&Check=103&Order=61.176.222.165 HTTP/1.1" 404 162 "-" "Mozilla/5.0 (Windows NT 6.1; WOW64; rv:62.0) Gecko/20100101 Firefox/62.0"
61.176.222.165 - - [19/Jan/2019:17:43:23 +0000] "GET http://47.99.121.32:39169/Ip/Up?Ip=27.131.144.56&Port=8080&Check=103&Order=61.176.222.165 HTTP/1.1" 404 162 "-" "Mozilla/5.0 (Windows NT 6.1; WOW64; rv:62.0) Gecko/20100101 Firefox/62.0"
61.176.222.170 - - [19/Jan/2019:17:44:56 +0000] "GET http://47.99.121.32:39169/Ip/Up?Ip=27.131.144.56&Port=8080&Check=103&Order=61.176.222.170 HTTP/1.1" 404 162 "-" "Mozilla/5.0 (Windows NT 6.1; WOW64; rv:62.0) Gecko/20100101 Firefox/62.0"
61.176.222.170 - - [19/Jan/2019:17:48:09 +0000] "GET http://47.99.121.32:39169/Ip/Up?Ip=27.131.144.56&Port=8080&Check=103&Order=61.176.222.170 HTTP/1.1" 404 162 "-" "Mozilla/5.0 (Windows NT 6.1; WOW64; rv:62.0) Gecko/20100101 Firefox/62.0"
61.176.222.170 - - [19/Jan/2019:17:58:27 +0000] "GET http://47.99.121.32:39169/Ip/Up?Ip=27.131.144.56&Port=8080&Check=103&Order=61.176.222.170 HTTP/1.1" 404 162 "-" "Mozilla/5.0 (Windows NT 6.1; WOW64; rv:62.0) Gecko/20100101 Firefox/62.0"
61.176.222.165 - - [19/Jan/2019:18:00:16 +0000] "GET http://47.99.121.32:39169/Ip/Up?Ip=27.131.144.56&Port=8080&Check=103&Order=61.176.222.165 HTTP/1.1" 404 162 "-" "Mozilla/5.0 (Windows NT 6.1; WOW64; rv:62.0) Gecko/20100101 Firefox/62.0"
61.176.222.165 - - [19/Jan/2019:18:01:46 +0000] "GET http://47.99.121.32:39169/Ip/Up?Ip=27.131.144.56&Port=8080&Check=103&Order=61.176.222.165 HTTP/1.1" 404 162 "-" "Mozilla/5.0 (Windows NT 6.1; WOW64; rv:62.0) Gecko/20100101 Firefox/62.0"
61.176.222.165 - - [19/Jan/2019:18:05:20 +0000] "GET http://47.99.121.32:39169/Ip/Up?Ip=27.131.144.56&Port=8080&Check=103&Order=61.176.222.165 HTTP/1.1" 404 162 "-" "Mozilla/5.0 (Windows NT 6.1; WOW64; rv:62.0) Gecko/20100101 Firefox/62.0"
177.102.161.159 - - [19/Jan/2019:18:05:45 +0000] "GET / HTTP/1.1" 403 564 "-" "Mozilla/5.0 (Windows NT 6.1; WOW64) AppleWebKit/537.36 (KHTML, like Gecko) Chrome/52.0.2743.116 Safari/537.36"
61.176.222.165 - - [19/Jan/2019:18:10:25 +0000] "GET http://47.99.121.32:39169/Ip/Up?Ip=27.131.144.56&Port=8080&Check=103&Order=61.176.222.165 HTTP/1.1" 404 162 "-" "Mozilla/5.0 (Windows NT 6.1; WOW64; rv:62.0) Gecko/20100101 Firefox/62.0"
175.8.1.21 - - [19/Jan/2019:18:23:29 +0000] "CONNECT mbp.yimg.com:443 HTTP/1.1" 400 166 "-" "-"
175.8.1.21 - - [19/Jan/2019:18:23:30 +0000] "CONNECT mbp.yimg.com:443 HTTP/1.1" 400 166 "-" "-"
61.176.222.170 - - [19/Jan/2019:18:42:13 +0000] "GET http://47.99.121.32:39169/Ip/Up?Ip=27.131.144.56&Port=8080&Check=103&Order=61.176.222.170 HTTP/1.1" 404 162 "-" "Mozilla/5.0 (Windows NT 6.1; WOW64; rv:62.0) Gecko/20100101 Firefox/62.0"
61.176.222.170 - - [19/Jan/2019:18:44:09 +0000] "GET http://47.99.121.32:39169/Ip/Up?Ip=27.131.144.56&Port=8080&Check=103&Order=61.176.222.170 HTTP/1.1" 404 162 "-" "Mozilla/5.0 (Windows NT 6.1; WOW64; rv:62.0) Gecko/20100101 Firefox/62.0"
61.176.222.165 - - [19/Jan/2019:18:54:13 +0000] "GET http://47.99.121.32:39169/Ip/Up?Ip=27.131.144.56&Port=8080&Check=103&Order=61.176.222.165 HTTP/1.1" 404 162 "-" "Mozilla/5.0 (Windows NT 6.1; WOW64; rv:62.0) Gecko/20100101 Firefox/62.0"
61.176.222.165 - - [19/Jan/2019:18:57:12 +0000] "GET http://47.99.121.32:39169/Ip/Up?Ip=27.131.144.56&Port=8080&Check=103&Order=61.176.222.165 HTTP/1.1" 404 162 "-" "Mozilla/5.0 (Windows NT 6.1; WOW64; rv:62.0) Gecko/20100101 Firefox/62.0"
61.176.222.165 - - [19/Jan/2019:19:05:43 +0000] "GET http://47.99.121.32:39169/Ip/Up?Ip=27.131.144.56&Port=8080&Check=103&Order=61.176.222.165 HTTP/1.1" 404 162 "-" "Mozilla/5.0 (Windows NT 6.1; WOW64; rv:62.0) Gecko/20100101 Firefox/62.0"
61.176.222.165 - - [19/Jan/2019:19:09:15 +0000] "GET http://47.99.121.32:39169/Ip/Up?Ip=27.131.144.56&Port=8080&Check=103&Order=61.176.222.165 HTTP/1.1" 404 162 "-" "Mozilla/5.0 (Windows NT 6.1; WOW64; rv:62.0) Gecko/20100101 Firefox/62.0"
61.176.222.165 - - [19/Jan/2019:19:22:52 +0000] "GET http://47.99.121.32:39169/Ip/Up?Ip=27.131.144.56&Port=8080&Check=103&Order=61.176.222.165 HTTP/1.1" 404 162 "-" "Mozilla/5.0 (Windows NT 6.1; WOW64; rv:62.0) Gecko/20100101 Firefox/62.0"
61.176.222.165 - - [19/Jan/2019:19:29:25 +0000] "GET http://47.99.121.32:39169/Ip/Up?Ip=27.131.144.56&Port=8080&Check=103&Order=61.176.222.165 HTTP/1.1" 404 162 "-" "Mozilla/5.0 (Windows NT 6.1; WOW64; rv:62.0) Gecko/20100101 Firefox/62.0"
61.176.222.170 - - [19/Jan/2019:19:36:28 +0000] "GET http://47.99.121.32:39169/Ip/Up?Ip=27.131.144.56&Port=8080&Check=103&Order=61.176.222.170 HTTP/1.1" 404 162 "-" "Mozilla/5.0 (Windows NT 6.1; WOW64; rv:62.0) Gecko/20100101 Firefox/62.0"
61.176.222.165 - - [19/Jan/2019:19:38:03 +0000] "GET http://47.99.121.32:39169/Ip/Up?Ip=27.131.144.56&Port=8080&Check=103&Order=61.176.222.165 HTTP/1.1" 404 162 "-" "Mozilla/5.0 (Windows NT 6.1; WOW64; rv:62.0) Gecko/20100101 Firefox/62.0"
61.176.222.165 - - [19/Jan/2019:19:48:09 +0000] "GET http://47.99.121.32:39169/Ip/Up?Ip=27.131.144.56&Port=8080&Check=103&Order=61.176.222.165 HTTP/1.1" 404 162 "-" "Mozilla/5.0 (Windows NT 6.1; WOW64; rv:62.0) Gecko/20100101 Firefox/62.0"
61.176.222.170 - - [19/Jan/2019:19:49:59 +0000] "GET http://47.99.121.32:39169/Ip/Up?Ip=27.131.144.56&Port=8080&Check=103&Order=61.176.222.170 HTTP/1.1" 404 162 "-" "Mozilla/5.0 (Windows NT 6.1; WOW64; rv:62.0) Gecko/20100101 Firefox/62.0"
61.176.222.165 - - [19/Jan/2019:19:51:39 +0000] "GET http://47.99.121.32:39169/Ip/Up?Ip=27.131.144.56&Port=8080&Check=103&Order=61.176.222.165 HTTP/1.1" 404 162 "-" "Mozilla/5.0 (Windows NT 6.1; WOW64; rv:62.0) Gecko/20100101 Firefox/62.0"
61.176.222.165 - - [19/Jan/2019:19:56:42 +0000] "GET http://47.99.121.32:39169/Ip/Up?Ip=27.131.144.56&Port=8080&Check=103&Order=61.176.222.165 HTTP/1.1" 404 162 "-" "Mozilla/5.0 (Windows NT 6.1; WOW64; rv:62.0) Gecko/20100101 Firefox/62.0"
61.176.222.170 - - [19/Jan/2019:20:23:35 +0000] "GET http://47.99.121.32:39169/Ip/Up?Ip=27.131.144.56&Port=8080&Check=103&Order=61.176.222.170 HTTP/1.1" 404 162 "-" "Mozilla/5.0 (Windows NT 6.1; WOW64; rv:62.0) Gecko/20100101 Firefox/62.0"
61.176.222.170 - - [19/Jan/2019:20:27:27 +0000] "GET http://47.99.121.32:39169/Ip/Up?Ip=27.131.144.56&Port=8080&Check=103&Order=61.176.222.170 HTTP/1.1" 404 162 "-" "Mozilla/5.0 (Windows NT 6.1; WOW64; rv:62.0) Gecko/20100101 Firefox/62.0"
191.96.110.29 - - [19/Jan/2019:20:44:32 +0000] "GET / HTTP/1.0" 403 162 "-" "Mozilla/5.0(WindowsNT6.1;rv:31.0)Gecko/20100101Firefox/31.0"
61.176.222.170 - - [19/Jan/2019:21:10:48 +0000] "GET http://47.99.121.32:39169/Ip/Up?Ip=27.131.144.56&Port=8080&Check=103&Order=61.176.222.170 HTTP/1.1" 404 162 "-" "Mozilla/5.0 (Windows NT 6.1; WOW64; rv:62.0) Gecko/20100101 Firefox/62.0"
91.137.61.158 - - [19/Jan/2019:21:38:26 +0000] "GET / HTTP/1.0" 403 162 "-" "-"
186.225.118.6 - - [19/Jan/2019:21:52:48 +0000] "GET / HTTP/1.1" 403 564 "-" "Mozilla/5.0 (Windows NT 6.1; WOW64) AppleWebKit/537.36 (KHTML, like Gecko) Chrome/52.0.2743.116 Safari/537.36"
61.176.222.170 - - [19/Jan/2019:22:12:54 +0000] "GET http://47.99.121.32:39169/Ip/Up?Ip=27.131.144.56&Port=8080&Check=103&Order=61.176.222.170 HTTP/1.1" 404 162 "-" "Mozilla/5.0 (Windows NT 6.1; WOW64; rv:62.0) Gecko/20100101 Firefox/62.0"
175.8.1.21 - - [19/Jan/2019:22:25:28 +0000] "CONNECT mbp.yimg.com:443 HTTP/1.1" 400 166 "-" "-"
175.8.1.21 - - [19/Jan/2019:22:25:28 +0000] "CONNECT mbp.yimg.com:443 HTTP/1.1" 400 166 "-" "-"
175.8.1.21 - - [19/Jan/2019:22:25:29 +0000] "CONNECT mbp.yimg.com:443 HTTP/1.1" 400 166 "-" "-"
175.8.1.21 - - [19/Jan/2019:22:25:30 +0000] "CONNECT js.foundation:443 HTTP/1.1" 400 166 "-" "-"
175.8.1.21 - - [19/Jan/2019:22:25:30 +0000] "CONNECT js.foundation:443 HTTP/1.1" 400 166 "-" "-"
175.8.1.21 - - [19/Jan/2019:22:25:31 +0000] "CONNECT js.foundation:443 HTTP/1.1" 400 166 "-" "-"
61.176.222.170 - - [19/Jan/2019:23:34:49 +0000] "GET http://47.99.121.32:39169/Ip/Up?Ip=27.131.144.56&Port=8080&Check=103&Order=61.176.222.170 HTTP/1.1" 404 162 "-" "Mozilla/5.0 (Windows NT 6.1; WOW64; rv:62.0) Gecko/20100101 Firefox/62.0"
190.94.138.87 - - [19/Jan/2019:23:40:52 +0000] "GET / HTTP/1.1" 403 564 "-" "Mozilla/5.0 (Windows NT 10.0; WOW64) AppleWebKit/537.36 (KHTML, like Gecko) Chrome/51.0.2704.103 Safari/537.36"
190.94.138.87 - admin [19/Jan/2019:23:40:53 +0000] "GET /admin-scripts.asp HTTP/1.1" 404 564 "-" "Mozilla/5.0 (Windows NT 10.0; WOW64) AppleWebKit/537.36 (KHTML, like Gecko) Chrome/51.0.2704.103 Safari/537.36"
184.105.247.252 - - [20/Jan/2019:00:02:32 +0000] "GET / HTTP/1.1" 403 162 "-" "-"
61.176.222.170 - - [20/Jan/2019:00:05:32 +0000] "GET http://47.99.121.32:39169/Ip/Up?Ip=27.131.144.56&Port=8080&Check=103&Order=61.176.222.170 HTTP/1.1" 404 162 "-" "Mozilla/5.0 (Windows NT 6.1; WOW64; rv:62.0) Gecko/20100101 Firefox/62.0"
61.176.222.170 - - [20/Jan/2019:00:40:11 +0000] "GET http://47.99.121.32:39169/Ip/Up?Ip=27.131.144.56&Port=8080&Check=103&Order=61.176.222.170 HTTP/1.1" 404 162 "-" "Mozilla/5.0 (Windows NT 6.1; WOW64; rv:62.0) Gecko/20100101 Firefox/62.0"
61.176.222.170 - - [20/Jan/2019:01:10:59 +0000] "GET http://47.99.121.32:39169/Ip/Up?Ip=27.131.144.56&Port=8080&Check=103&Order=61.176.222.170 HTTP/1.1" 404 162 "-" "Mozilla/5.0 (Windows NT 6.1; WOW64; rv:62.0) Gecko/20100101 Firefox/62.0"
201.222.31.41 - - [20/Jan/2019:01:26:42 +0000] "GET / HTTP/1.1" 403 564 "-" "Mozilla/5.0 (Windows NT 10.0; WOW64) AppleWebKit/537.36 (KHTML, like Gecko) Chrome/52.0.2743.116 Safari/537.36"
61.176.222.170 - - [20/Jan/2019:01:49:28 +0000] "GET http://47.99.121.32:39169/Ip/Up?Ip=27.131.144.56&Port=8080&Check=103&Order=61.176.222.170 HTTP/1.1" 404 162 "-" "Mozilla/5.0 (Windows NT 6.1; WOW64; rv:62.0) Gecko/20100101 Firefox/62.0"
61.176.222.170 - - [20/Jan/2019:01:53:20 +0000] "GET http://47.99.121.32:39169/Ip/Up?Ip=27.131.144.56&Port=8080&Check=103&Order=61.176.222.170 HTTP/1.1" 404 162 "-" "Mozilla/5.0 (Windows NT 6.1; WOW64; rv:62.0) Gecko/20100101 Firefox/62.0"
61.176.222.170 - - [20/Jan/2019:02:20:19 +0000] "GET http://47.99.121.32:39169/Ip/Up?Ip=27.131.144.56&Port=8080&Check=103&Order=61.176.222.170 HTTP/1.1" 404 162 "-" "Mozilla/5.0 (Windows NT 6.1; WOW64; rv:62.0) Gecko/20100101 Firefox/62.0"
175.8.1.21 - - [20/Jan/2019:02:30:02 +0000] "CONNECT mbp.yimg.com:443 HTTP/1.1" 400 166 "-" "-"
175.8.1.21 - - [20/Jan/2019:02:30:05 +0000] "CONNECT mbp.yimg.com:443 HTTP/1.1" 400 166 "-" "-"
175.8.1.21 - - [20/Jan/2019:02:30:06 +0000] "CONNECT mbp.yimg.com:443 HTTP/1.1" 400 166 "-" "-"
175.8.1.21 - - [20/Jan/2019:02:30:07 +0000] "CONNECT js.foundation:443 HTTP/1.1" 400 166 "-" "-"
175.8.1.21 - - [20/Jan/2019:02:30:07 +0000] "CONNECT js.foundation:443 HTTP/1.1" 400 166 "-" "-"
175.8.1.21 - - [20/Jan/2019:02:30:08 +0000] "CONNECT js.foundation:443 HTTP/1.1" 400 166 "-" "-"
61.176.222.170 - - [20/Jan/2019:02:43:24 +0000] "GET http://47.99.121.32:39169/Ip/Up?Ip=27.131.144.56&Port=8080&Check=103&Order=61.176.222.170 HTTP/1.1" 404 162 "-" "Mozilla/5.0 (Windows NT 6.1; WOW64; rv:62.0) Gecko/20100101 Firefox/62.0"
61.176.222.170 - - [20/Jan/2019:02:47:15 +0000] "GET http://47.99.121.32:39169/Ip/Up?Ip=27.131.144.56&Port=8080&Check=103&Order=61.176.222.170 HTTP/1.1" 404 162 "-" "Mozilla/5.0 (Windows NT 6.1; WOW64; rv:62.0) Gecko/20100101 Firefox/62.0"
61.176.222.170 - - [20/Jan/2019:03:14:12 +0000] "GET http://47.99.121.32:39169/Ip/Up?Ip=27.131.144.56&Port=8080&Check=103&Order=61.176.222.170 HTTP/1.1" 404 162 "-" "Mozilla/5.0 (Windows NT 6.1; WOW64; rv:62.0) Gecko/20100101 Firefox/62.0"
61.176.222.170 - - [20/Jan/2019:04:04:13 +0000] "GET http://47.99.121.32:39169/Ip/Up?Ip=27.131.144.56&Port=8080&Check=103&Order=61.176.222.170 HTTP/1.1" 404 162 "-" "Mozilla/5.0 (Windows NT 6.1; WOW64; rv:62.0) Gecko/20100101 Firefox/62.0"
61.176.222.170 - - [20/Jan/2019:04:08:02 +0000] "GET http://47.99.121.32:39169/Ip/Up?Ip=27.131.144.56&Port=8080&Check=103&Order=61.176.222.170 HTTP/1.1" 404 162 "-" "Mozilla/5.0 (Windows NT 6.1; WOW64; rv:62.0) Gecko/20100101 Firefox/62.0"
61.176.222.170 - - [20/Jan/2019:04:11:53 +0000] "GET http://47.99.121.32:39169/Ip/Up?Ip=27.131.144.56&Port=8080&Check=103&Order=61.176.222.170 HTTP/1.1" 404 162 "-" "Mozilla/5.0 (Windows NT 6.1; WOW64; rv:62.0) Gecko/20100101 Firefox/62.0"
61.176.222.170 - - [20/Jan/2019:04:23:28 +0000] "GET http://47.99.121.32:39169/Ip/Up?Ip=27.131.144.56&Port=8080&Check=103&Order=61.176.222.170 HTTP/1.1" 404 162 "-" "Mozilla/5.0 (Windows NT 6.1; WOW64; rv:62.0) Gecko/20100101 Firefox/62.0"
177.91.102.91 - - [20/Jan/2019:04:30:40 +0000] "GET / HTTP/1.1" 403 564 "-" "Mozilla/5.0 (Windows NT 10.0; WOW64) AppleWebKit/537.36 (KHTML, like Gecko) Chrome/52.0.2743.116 Safari/537.36"
61.176.222.170 - - [20/Jan/2019:04:31:11 +0000] "GET http://47.99.121.32:39169/Ip/Up?Ip=27.131.144.56&Port=8080&Check=103&Order=61.176.222.170 HTTP/1.1" 404 162 "-" "Mozilla/5.0 (Windows NT 6.1; WOW64; rv:62.0) Gecko/20100101 Firefox/62.0"
195.200.245.236 - - [20/Jan/2019:05:13:45 +0000] "GET / HTTP/1.1" 403 564 "-" "Mozilla/5.0 (Windows NT 10.0; WOW64) AppleWebKit/537.36 (KHTML, like Gecko) Chrome/52.0.2743.116 Safari/537.36"
61.176.222.170 - - [20/Jan/2019:05:25:08 +0000] "GET http://47.99.121.32:39169/Ip/Up?Ip=27.131.144.56&Port=8080&Check=103&Order=61.176.222.170 HTTP/1.1" 404 162 "-" "Mozilla/5.0 (Windows NT 6.1; WOW64; rv:62.0) Gecko/20100101 Firefox/62.0"
61.176.222.170 - - [20/Jan/2019:05:28:59 +0000] "GET http://47.99.121.32:39169/Ip/Up?Ip=27.131.144.56&Port=8080&Check=103&Order=61.176.222.170 HTTP/1.1" 404 162 "-" "Mozilla/5.0 (Windows NT 6.1; WOW64; rv:62.0) Gecko/20100101 Firefox/62.0"
175.8.1.21 - - [20/Jan/2019:05:30:35 +0000] "CONNECT mbp.yimg.com:443 HTTP/1.1" 400 166 "-" "-"
175.8.1.21 - - [20/Jan/2019:05:30:36 +0000] "CONNECT mbp.yimg.com:443 HTTP/1.1" 400 166 "-" "-"
175.8.1.21 - - [20/Jan/2019:05:30:41 +0000] "CONNECT mbp.yimg.com:443 HTTP/1.1" 400 166 "-" "-"
175.8.1.21 - - [20/Jan/2019:05:30:52 +0000] "CONNECT js.foundation:443 HTTP/1.1" 400 166 "-" "-"
175.8.1.21 - - [20/Jan/2019:05:30:52 +0000] "CONNECT js.foundation:443 HTTP/1.1" 400 166 "-" "-"
175.8.1.21 - - [20/Jan/2019:05:30:53 +0000] "CONNECT js.foundation:443 HTTP/1.1" 400 166 "-" "-"
61.176.222.170 - - [20/Jan/2019:05:40:34 +0000] "GET http://47.99.121.32:39169/Ip/Up?Ip=27.131.144.56&Port=8080&Check=103&Order=61.176.222.170 HTTP/1.1" 404 162 "-" "Mozilla/5.0 (Windows NT 6.1; WOW64; rv:62.0) Gecko/20100101 Firefox/62.0"
24.162.219.205 - - [20/Jan/2019:05:50:08 +0000] "GET / HTTP/1.1" 403 564 "-" "Mozilla/5.0 (Windows NT 6.1; WOW64) AppleWebKit/537.36 (KHTML, like Gecko) Chrome/51.0.2704.103 Safari/537.36"
61.176.222.170 - - [20/Jan/2019:06:07:36 +0000] "GET http://47.99.121.32:39169/Ip/Up?Ip=27.131.144.56&Port=8080&Check=103&Order=61.176.222.170 HTTP/1.1" 404 162 "-" "Mozilla/5.0 (Windows NT 6.1; WOW64; rv:62.0) Gecko/20100101 Firefox/62.0"
139.162.79.87 - - [20/Jan/2019:06:09:03 +0000] "GET / HTTP/1.1" 403 162 "-" "Mozilla/5.0"
61.176.222.170 - - [20/Jan/2019:06:11:27 +0000] "GET http://47.99.121.32:39169/Ip/Up?Ip=27.131.144.56&Port=8080&Check=103&Order=61.176.222.170 HTTP/1.1" 404 162 "-" "Mozilla/5.0 (Windows NT 6.1; WOW64; rv:62.0) Gecko/20100101 Firefox/62.0"
95.213.187.188 - - [20/Jan/2019:06:57:19 +0000] "CONNECT check.best-proxies.ru:80 HTTP/1.1" 400 166 "-" "-"
95.213.187.188 - - [20/Jan/2019:06:57:19 +0000] "\x04\x01\x00P\x05\xB2VL0\x00" 400 166 "-" "-"
95.213.187.186 - - [20/Jan/2019:06:57:19 +0000] "\x05\x01\x00" 400 166 "-" "-"
5.178.86.76 - - [20/Jan/2019:06:57:19 +0000] "POST http://check.best-proxies.ru/azenv.php?auth=154796743941777&a=PC&i=461606968&p=8080 HTTP/1.1" 404 564 "https://best-proxies.ru/" "Mozilla/4.0 (compatible; MSIE 6.0; Windows NT 5.1; SV1)"
61.176.222.170 - - [20/Jan/2019:07:40:08 +0000] "GET http://47.99.121.32:39169/Ip/Up?Ip=27.131.144.56&Port=8080&Check=103&Order=61.176.222.170 HTTP/1.1" 404 162 "-" "Mozilla/5.0 (Windows NT 6.1; WOW64; rv:62.0) Gecko/20100101 Firefox/62.0"
177.9.45.164 - - [20/Jan/2019:07:40:59 +0000] "GET / HTTP/1.1" 403 564 "-" "Mozilla/5.0 (Windows NT 10.0; WOW64) AppleWebKit/537.36 (KHTML, like Gecko) Chrome/52.0.2743.116 Safari/537.36"
61.176.222.170 - - [20/Jan/2019:07:44:01 +0000] "GET http://47.99.121.32:39169/Ip/Up?Ip=27.131.144.56&Port=8080&Check=103&Order=61.176.222.170 HTTP/1.1" 404 162 "-" "Mozilla/5.0 (Windows NT 6.1; WOW64; rv:62.0) Gecko/20100101 Firefox/62.0"
61.176.222.170 - - [20/Jan/2019:08:07:14 +0000] "GET http://47.99.121.32:39169/Ip/Up?Ip=27.131.144.56&Port=8080&Check=103&Order=61.176.222.170 HTTP/1.1" 404 162 "-" "Mozilla/5.0 (Windows NT 6.1; WOW64; rv:62.0) Gecko/20100101 Firefox/62.0"
211.72.1.97 - - [20/Jan/2019:08:08:22 +0000] "GET / HTTP/1.0" 403 162 "-" "-"
61.176.222.170 - - [20/Jan/2019:08:14:58 +0000] "GET http://47.99.121.32:39169/Ip/Up?Ip=27.131.144.56&Port=8080&Check=103&Order=61.176.222.170 HTTP/1.1" 404 162 "-" "Mozilla/5.0 (Windows NT 6.1; WOW64; rv:62.0) Gecko/20100101 Firefox/62.0"
61.176.222.170 - - [20/Jan/2019:08:38:05 +0000] "GET http://47.99.121.32:39169/Ip/Up?Ip=27.131.144.56&Port=8080&Check=103&Order=61.176.222.170 HTTP/1.1" 404 162 "-" "Mozilla/5.0 (Windows NT 6.1; WOW64; rv:62.0) Gecko/20100101 Firefox/62.0"
61.176.222.170 - - [20/Jan/2019:09:01:17 +0000] "GET http://47.99.121.32:39169/Ip/Up?Ip=27.131.144.56&Port=8080&Check=103&Order=61.176.222.170 HTTP/1.1" 404 162 "-" "Mozilla/5.0 (Windows NT 6.1; WOW64; rv:62.0) Gecko/20100101 Firefox/62.0"
175.8.1.21 - - [20/Jan/2019:09:26:23 +0000] "CONNECT mbp.yimg.com:443 HTTP/1.1" 400 166 "-" "-"
175.8.1.21 - - [20/Jan/2019:09:26:24 +0000] "CONNECT mbp.yimg.com:443 HTTP/1.1" 400 166 "-" "-"
175.8.1.21 - - [20/Jan/2019:09:26:25 +0000] "CONNECT mbp.yimg.com:443 HTTP/1.1" 400 166 "-" "-"
175.8.1.21 - - [20/Jan/2019:09:26:25 +0000] "CONNECT js.foundation:443 HTTP/1.1" 400 166 "-" "-"
175.8.1.21 - - [20/Jan/2019:09:26:26 +0000] "CONNECT js.foundation:443 HTTP/1.1" 400 166 "-" "-"
175.8.1.21 - - [20/Jan/2019:09:26:27 +0000] "CONNECT js.foundation:443 HTTP/1.1" 400 166 "-" "-"
95.213.177.125 - - [20/Jan/2019:09:51:05 +0000] "CONNECT check.proxyradar.com:80 HTTP/1.1" 400 166 "-" "-"
185.234.217.215 - - [20/Jan/2019:10:10:21 +0000] "CONNECT www.google.com:443 HTTP/1.1" 400 166 "-" "-"
61.176.222.170 - - [20/Jan/2019:10:58:51 +0000] "GET http://47.99.121.32:39169/Ip/Up?Ip=27.131.144.56&Port=8080&Check=103&Order=61.176.222.170 HTTP/1.1" 404 162 "-" "Mozilla/5.0 (Windows NT 6.1; WOW64; rv:62.0) Gecko/20100101 Firefox/62.0"
179.225.154.147 - - [20/Jan/2019:10:59:25 +0000] "GET / HTTP/1.1" 403 162 "-" "Mozilla/5.0 (Macintosh; Intel Mac OS X 10_11_6) AppleWebKit/601.7.7 (KHTML, like Gecko) Version/9.1.2 Safari/601.7.7"
186.219.246.143 - - [20/Jan/2019:11:04:39 +0000] "GET / HTTP/1.1" 403 564 "-" "Mozilla/5.0 (Windows NT 6.1; WOW64) AppleWebKit/537.36 (KHTML, like Gecko) Chrome/51.0.2704.103 Safari/537.36"
61.176.222.170 - - [20/Jan/2019:11:06:33 +0000] "GET http://47.99.121.32:39169/Ip/Up?Ip=27.131.144.56&Port=8080&Check=103&Order=61.176.222.170 HTTP/1.1" 404 162 "-" "Mozilla/5.0 (Windows NT 6.1; WOW64; rv:62.0) Gecko/20100101 Firefox/62.0"
61.176.222.170 - - [20/Jan/2019:11:22:00 +0000] "GET http://47.99.121.32:39169/Ip/Up?Ip=27.131.144.56&Port=8080&Check=103&Order=61.176.222.170 HTTP/1.1" 404 162 "-" "Mozilla/5.0 (Windows NT 6.1; WOW64; rv:62.0) Gecko/20100101 Firefox/62.0"
61.176.222.170 - - [20/Jan/2019:11:48:55 +0000] "GET http://47.99.121.32:39169/Ip/Up?Ip=27.131.144.56&Port=8080&Check=103&Order=61.176.222.170 HTTP/1.1" 404 162 "-" "Mozilla/5.0 (Windows NT 6.1; WOW64; rv:62.0) Gecko/20100101 Firefox/62.0"
61.176.222.170 - - [20/Jan/2019:12:00:29 +0000] "GET http://47.99.121.32:39169/Ip/Up?Ip=27.131.144.56&Port=8080&Check=103&Order=61.176.222.170 HTTP/1.1" 404 162 "-" "Mozilla/5.0 (Windows NT 6.1; WOW64; rv:62.0) Gecko/20100101 Firefox/62.0"
61.176.222.170 - - [20/Jan/2019:12:08:11 +0000] "GET http://47.99.121.32:39169/Ip/Up?Ip=27.131.144.56&Port=8080&Check=103&Order=61.176.222.170 HTTP/1.1" 404 162 "-" "Mozilla/5.0 (Windows NT 6.1; WOW64; rv:62.0) Gecko/20100101 Firefox/62.0"
61.176.222.170 - - [20/Jan/2019:12:27:33 +0000] "GET http://47.99.121.32:39169/Ip/Up?Ip=27.131.144.56&Port=8080&Check=103&Order=61.176.222.170 HTTP/1.1" 404 162 "-" "Mozilla/5.0 (Windows NT 6.1; WOW64; rv:62.0) Gecko/20100101 Firefox/62.0"
176.43.1.162 - - [20/Jan/2019:12:28:00 +0000] "GET /cgi-bin/authLogin.cgi HTTP/1.0" 404 162 "-" "-"
61.176.222.170 - - [20/Jan/2019:12:58:29 +0000] "GET http://47.99.121.32:39169/Ip/Up?Ip=27.131.144.56&Port=8080&Check=103&Order=61.176.222.170 HTTP/1.1" 404 162 "-" "Mozilla/5.0 (Windows NT 6.1; WOW64; rv:62.0) Gecko/20100101 Firefox/62.0"
61.176.222.170 - - [20/Jan/2019:13:02:19 +0000] "GET http://47.99.121.32:39169/Ip/Up?Ip=27.131.144.56&Port=8080&Check=103&Order=61.176.222.170 HTTP/1.1" 404 162 "-" "Mozilla/5.0 (Windows NT 6.1; WOW64; rv:62.0) Gecko/20100101 Firefox/62.0"
61.176.222.170 - - [20/Jan/2019:13:17:46 +0000] "GET http://47.99.121.32:39169/Ip/Up?Ip=27.131.144.56&Port=8080&Check=103&Order=61.176.222.170 HTTP/1.1" 404 162 "-" "Mozilla/5.0 (Windows NT 6.1; WOW64; rv:62.0) Gecko/20100101 Firefox/62.0"
88.249.165.9 - - [20/Jan/2019:13:33:14 +0000] "GET / HTTP/1.1" 403 564 "-" "Mozilla/5.0 (Windows NT 6.1; WOW64) AppleWebKit/537.36 (KHTML, like Gecko) Chrome/52.0.2743.116 Safari/537.36"
61.176.222.170 - - [20/Jan/2019:13:40:57 +0000] "GET http://47.99.121.32:39169/Ip/Up?Ip=27.131.144.56&Port=8080&Check=103&Order=61.176.222.170 HTTP/1.1" 404 162 "-" "Mozilla/5.0 (Windows NT 6.1; WOW64; rv:62.0) Gecko/20100101 Firefox/62.0"
61.176.222.170 - - [20/Jan/2019:14:00:12 +0000] "GET http://47.99.121.32:39169/Ip/Up?Ip=27.131.144.56&Port=8080&Check=103&Order=61.176.222.170 HTTP/1.1" 404 162 "-" "Mozilla/5.0 (Windows NT 6.1; WOW64; rv:62.0) Gecko/20100101 Firefox/62.0"
201.43.98.1 - - [20/Jan/2019:14:05:09 +0000] "GET / HTTP/1.1" 403 564 "-" "Mozilla/5.0 (Windows NT 6.1; WOW64) AppleWebKit/537.36 (KHTML, like Gecko) Chrome/52.0.2743.116 Safari/537.36"
61.176.222.170 - - [20/Jan/2019:14:23:18 +0000] "GET http://47.99.121.32:39169/Ip/Up?Ip=27.131.144.56&Port=8080&Check=103&Order=61.176.222.170 HTTP/1.1" 404 162 "-" "Mozilla/5.0 (Windows NT 6.1; WOW64; rv:62.0) Gecko/20100101 Firefox/62.0"
61.176.222.170 - - [20/Jan/2019:14:54:09 +0000] "GET http://47.99.121.32:39169/Ip/Up?Ip=27.131.144.56&Port=8080&Check=103&Order=61.176.222.170 HTTP/1.1" 404 162 "-" "Mozilla/5.0 (Windows NT 6.1; WOW64; rv:62.0) Gecko/20100101 Firefox/62.0"
61.176.222.170 - - [20/Jan/2019:15:28:55 +0000] "GET http://47.99.121.32:39169/Ip/Up?Ip=27.131.144.56&Port=8080&Check=103&Order=61.176.222.170 HTTP/1.1" 404 162 "-" "Mozilla/5.0 (Windows NT 6.1; WOW64; rv:62.0) Gecko/20100101 Firefox/62.0"
89.36.54.130 - - [20/Jan/2019:15:31:54 +0000] "GET / HTTP/1.1" 403 564 "-" "Mozilla/5.0 (Windows NT 10.0; WOW64) AppleWebKit/537.36 (KHTML, like Gecko) Chrome/51.0.2704.103 Safari/537.36"
