61.176.222.165 - - [17/Jan/2019:17:46:46 +0000] "GET http://47.99.121.32:39169/Ip/Up?Ip=27.131.144.56&Port=8080&Check=103&Order=61.176.222.165 HTTP/1.1" 404 162 "-" "Mozilla/5.0 (Windows NT 6.1; WOW64; rv:62.0) Gecko/20100101 Firefox/62.0"
61.176.222.165 - - [17/Jan/2019:17:55:18 +0000] "GET http://47.99.121.32:39169/Ip/Up?Ip=27.131.144.56&Port=8080&Check=103&Order=61.176.222.165 HTTP/1.1" 404 162 "-" "Mozilla/5.0 (Windows NT 6.1; WOW64; rv:62.0) Gecko/20100101 Firefox/62.0"
191.254.8.139 - - [17/Jan/2019:17:56:52 +0000] "GET / HTTP/1.1" 403 564 "-" "Mozilla/5.0 (Windows NT 10.0; WOW64) AppleWebKit/537.36 (KHTML, like Gecko) Chrome/52.0.2743.116 Safari/537.36"
61.176.222.165 - - [17/Jan/2019:18:00:18 +0000] "GET http://47.99.121.32:39169/Ip/Up?Ip=27.131.144.56&Port=8080&Check=103&Order=61.176.222.165 HTTP/1.1" 404 162 "-" "Mozilla/5.0 (Windows NT 6.1; WOW64; rv:62.0) Gecko/20100101 Firefox/62.0"
61.176.222.165 - - [17/Jan/2019:18:08:51 +0000] "GET http://47.99.121.32:39169/Ip/Up?Ip=27.131.144.56&Port=8080&Check=103&Order=61.176.222.165 HTTP/1.1" 404 162 "-" "Mozilla/5.0 (Windows NT 6.1; WOW64; rv:62.0) Gecko/20100101 Firefox/62.0"
61.176.222.170 - - [17/Jan/2019:18:10:37 +0000] "GET http://47.99.121.32:39169/Ip/Up?Ip=27.131.144.56&Port=8080&Check=103&Order=61.176.222.170 HTTP/1.1" 404 162 "-" "Mozilla/5.0 (Windows NT 6.1; WOW64; rv:62.0) Gecko/20100101 Firefox/62.0"
103.123.86.247 - - [17/Jan/2019:18:27:06 +0000] "GET / HTTP/1.1" 403 162 "-" "Mozilla/5.0 (Macintosh; Intel Mac OS X 10_11_6) AppleWebKit/601.7.7 (KHTML, like Gecko) Version/9.1.2 Safari/601.7.7"
61.176.222.170 - - [17/Jan/2019:18:28:01 +0000] "GET http://47.99.121.32:39169/Ip/Up?Ip=27.131.144.56&Port=8080&Check=103&Order=61.176.222.170 HTTP/1.1" 404 162 "-" "Mozilla/5.0 (Windows NT 6.1; WOW64; rv:62.0) Gecko/20100101 Firefox/62.0"
61.176.222.170 - - [17/Jan/2019:18:51:11 +0000] "GET http://47.99.121.32:39169/Ip/Up?Ip=27.131.144.56&Port=8080&Check=103&Order=61.176.222.170 HTTP/1.1" 404 162 "-" "Mozilla/5.0 (Windows NT 6.1; WOW64; rv:62.0) Gecko/20100101 Firefox/62.0"
95.213.177.123 - - [17/Jan/2019:18:51:42 +0000] "CONNECT check.proxyradar.com:80 HTTP/1.1" 400 166 "-" "-"
180.92.238.153 - - [17/Jan/2019:18:54:44 +0000] "GET / HTTP/1.1" 403 564 "-" "Mozilla/5.0 (Windows NT 10.0; WOW64) AppleWebKit/537.36 (KHTML, like Gecko) Chrome/51.0.2704.103 Safari/537.36"
103.111.129.231 - - [17/Jan/2019:20:01:42 +0000] "GET / HTTP/1.1" 403 564 "-" "Mozilla/5.0 (Windows NT 6.1; WOW64) AppleWebKit/537.36 (KHTML, like Gecko) Chrome/51.0.2704.103 Safari/537.36"
61.176.222.170 - - [17/Jan/2019:20:08:32 +0000] "GET http://47.99.121.32:39169/Ip/Up?Ip=27.131.144.56&Port=8080&Check=103&Order=61.176.222.170 HTTP/1.1" 404 162 "-" "Mozilla/5.0 (Windows NT 6.1; WOW64; rv:62.0) Gecko/20100101 Firefox/62.0"
175.8.1.21 - - [17/Jan/2019:20:10:50 +0000] "CONNECT mbp.yimg.com:443 HTTP/1.1" 400 166 "-" "-"
175.8.1.21 - - [17/Jan/2019:20:10:50 +0000] "CONNECT mbp.yimg.com:443 HTTP/1.1" 400 166 "-" "-"
175.8.1.21 - - [17/Jan/2019:20:10:51 +0000] "CONNECT mbp.yimg.com:443 HTTP/1.1" 400 166 "-" "-"
175.8.1.21 - - [17/Jan/2019:20:10:52 +0000] "CONNECT js.foundation:443 HTTP/1.1" 400 166 "-" "-"
175.8.1.21 - - [17/Jan/2019:20:10:52 +0000] "CONNECT js.foundation:443 HTTP/1.1" 400 166 "-" "-"
175.8.1.21 - - [17/Jan/2019:20:10:53 +0000] "CONNECT js.foundation:443 HTTP/1.1" 400 166 "-" "-"
61.176.222.170 - - [17/Jan/2019:20:24:07 +0000] "GET http://47.99.121.32:39169/Ip/Up?Ip=27.131.144.56&Port=8080&Check=103&Order=61.176.222.170 HTTP/1.1" 404 162 "-" "Mozilla/5.0 (Windows NT 6.1; WOW64; rv:62.0) Gecko/20100101 Firefox/62.0"
61.176.222.170 - - [17/Jan/2019:20:31:50 +0000] "GET http://47.99.121.32:39169/Ip/Up?Ip=27.131.144.56&Port=8080&Check=103&Order=61.176.222.170 HTTP/1.1" 404 162 "-" "Mozilla/5.0 (Windows NT 6.1; WOW64; rv:62.0) Gecko/20100101 Firefox/62.0"
61.176.222.170 - - [17/Jan/2019:20:39:36 +0000] "GET http://47.99.121.32:39169/Ip/Up?Ip=27.131.144.56&Port=8080&Check=103&Order=61.176.222.170 HTTP/1.1" 404 162 "-" "Mozilla/5.0 (Windows NT 6.1; WOW64; rv:62.0) Gecko/20100101 Firefox/62.0"
186.236.238.112 - - [17/Jan/2019:20:48:48 +0000] "GET / HTTP/1.1" 403 564 "-" "Mozilla/5.0 (Windows NT 6.1; WOW64) AppleWebKit/537.36 (KHTML, like Gecko) Chrome/51.0.2704.103 Safari/537.36"
61.176.222.170 - - [17/Jan/2019:20:51:13 +0000] "GET http://47.99.121.32:39169/Ip/Up?Ip=27.131.144.56&Port=8080&Check=103&Order=61.176.222.170 HTTP/1.1" 404 162 "-" "Mozilla/5.0 (Windows NT 6.1; WOW64; rv:62.0) Gecko/20100101 Firefox/62.0"
61.176.222.170 - - [17/Jan/2019:21:06:42 +0000] "GET http://47.99.121.32:39169/Ip/Up?Ip=27.131.144.56&Port=8080&Check=103&Order=61.176.222.170 HTTP/1.1" 404 162 "-" "Mozilla/5.0 (Windows NT 6.1; WOW64; rv:62.0) Gecko/20100101 Firefox/62.0"
61.176.222.170 - - [17/Jan/2019:21:45:36 +0000] "GET http://47.99.121.32:39169/Ip/Up?Ip=27.131.144.56&Port=8080&Check=103&Order=61.176.222.170 HTTP/1.1" 404 162 "-" "Mozilla/5.0 (Windows NT 6.1; WOW64; rv:62.0) Gecko/20100101 Firefox/62.0"
61.176.222.170 - - [17/Jan/2019:21:57:16 +0000] "GET http://47.99.121.32:39169/Ip/Up?Ip=27.131.144.56&Port=8080&Check=103&Order=61.176.222.170 HTTP/1.1" 404 162 "-" "Mozilla/5.0 (Windows NT 6.1; WOW64; rv:62.0) Gecko/20100101 Firefox/62.0"
61.176.222.170 - - [17/Jan/2019:22:20:37 +0000] "GET http://47.99.121.32:39169/Ip/Up?Ip=27.131.144.56&Port=8080&Check=103&Order=61.176.222.170 HTTP/1.1" 404 162 "-" "Mozilla/5.0 (Windows NT 6.1; WOW64; rv:62.0) Gecko/20100101 Firefox/62.0"
181.192.2.109 - - [17/Jan/2019:22:21:52 +0000] "GET / HTTP/1.1" 403 564 "-" "Mozilla/5.0 (Windows NT 6.1; WOW64) AppleWebKit/537.36 (KHTML, like Gecko) Chrome/51.0.2704.103 Safari/537.36"
61.176.222.170 - - [17/Jan/2019:22:28:25 +0000] "GET http://47.99.121.32:39169/Ip/Up?Ip=27.131.144.56&Port=8080&Check=103&Order=61.176.222.170 HTTP/1.1" 404 162 "-" "Mozilla/5.0 (Windows NT 6.1; WOW64; rv:62.0) Gecko/20100101 Firefox/62.0"
61.176.222.170 - - [17/Jan/2019:23:15:21 +0000] "GET http://47.99.121.32:39169/Ip/Up?Ip=27.131.144.56&Port=8080&Check=103&Order=61.176.222.170 HTTP/1.1" 404 162 "-" "Mozilla/5.0 (Windows NT 6.1; WOW64; rv:62.0) Gecko/20100101 Firefox/62.0"
61.176.222.170 - - [17/Jan/2019:23:19:13 +0000] "GET http://47.99.121.32:39169/Ip/Up?Ip=27.131.144.56&Port=8080&Check=103&Order=61.176.222.170 HTTP/1.1" 404 162 "-" "Mozilla/5.0 (Windows NT 6.1; WOW64; rv:62.0) Gecko/20100101 Firefox/62.0"
61.176.222.170 - - [17/Jan/2019:23:23:09 +0000] "GET http://47.99.121.32:39169/Ip/Up?Ip=27.131.144.56&Port=8080&Check=103&Order=61.176.222.170 HTTP/1.1" 404 162 "-" "Mozilla/5.0 (Windows NT 6.1; WOW64; rv:62.0) Gecko/20100101 Firefox/62.0"
216.218.206.67 - - [18/Jan/2019:00:04:12 +0000] "GET / HTTP/1.1" 403 162 "-" "-"
175.8.1.21 - - [18/Jan/2019:00:09:09 +0000] "CONNECT mbp.yimg.com:443 HTTP/1.1" 400 166 "-" "-"
175.8.1.21 - - [18/Jan/2019:00:09:25 +0000] "CONNECT js.foundation:443 HTTP/1.1" 400 166 "-" "-"
175.8.1.21 - - [18/Jan/2019:00:09:25 +0000] "CONNECT js.foundation:443 HTTP/1.1" 400 166 "-" "-"
175.8.1.21 - - [18/Jan/2019:00:09:26 +0000] "CONNECT js.foundation:443 HTTP/1.1" 400 166 "-" "-"
61.176.222.170 - - [18/Jan/2019:00:17:39 +0000] "GET http://47.99.121.32:39169/Ip/Up?Ip=27.131.144.56&Port=8080&Check=103&Order=61.176.222.170 HTTP/1.1" 404 162 "-" "Mozilla/5.0 (Windows NT 6.1; WOW64; rv:62.0) Gecko/20100101 Firefox/62.0"
61.176.222.170 - - [18/Jan/2019:00:33:17 +0000] "GET http://47.99.121.32:39169/Ip/Up?Ip=27.131.144.56&Port=8080&Check=103&Order=61.176.222.170 HTTP/1.1" 404 162 "-" "Mozilla/5.0 (Windows NT 6.1; WOW64; rv:62.0) Gecko/20100101 Firefox/62.0"
61.176.222.170 - - [18/Jan/2019:00:52:55 +0000] "GET http://47.99.121.32:39169/Ip/Up?Ip=27.131.144.56&Port=8080&Check=103&Order=61.176.222.170 HTTP/1.1" 404 162 "-" "Mozilla/5.0 (Windows NT 6.1; WOW64; rv:62.0) Gecko/20100101 Firefox/62.0"
61.176.222.170 - - [18/Jan/2019:01:04:37 +0000] "GET http://47.99.121.32:39169/Ip/Up?Ip=27.131.144.56&Port=8080&Check=103&Order=61.176.222.170 HTTP/1.1" 404 162 "-" "Mozilla/5.0 (Windows NT 6.1; WOW64; rv:62.0) Gecko/20100101 Firefox/62.0"
61.176.222.170 - - [18/Jan/2019:01:12:22 +0000] "GET http://47.99.121.32:39169/Ip/Up?Ip=27.131.144.56&Port=8080&Check=103&Order=61.176.222.170 HTTP/1.1" 404 162 "-" "Mozilla/5.0 (Windows NT 6.1; WOW64; rv:62.0) Gecko/20100101 Firefox/62.0"
61.176.222.170 - - [18/Jan/2019:01:20:10 +0000] "GET http://47.99.121.32:39169/Ip/Up?Ip=27.131.144.56&Port=8080&Check=103&Order=61.176.222.170 HTTP/1.1" 404 162 "-" "Mozilla/5.0 (Windows NT 6.1; WOW64; rv:62.0) Gecko/20100101 Firefox/62.0"
52.167.216.100 - - [18/Jan/2019:01:30:31 +0000] "GET / HTTP/1.1" 403 162 "-" "Mozilla/5.0 zgrab/0.x"
61.176.222.170 - - [18/Jan/2019:01:35:55 +0000] "GET http://47.99.121.32:39169/Ip/Up?Ip=27.131.144.56&Port=8080&Check=103&Order=61.176.222.170 HTTP/1.1" 404 162 "-" "Mozilla/5.0 (Windows NT 6.1; WOW64; rv:62.0) Gecko/20100101 Firefox/62.0"
61.176.222.170 - - [18/Jan/2019:02:10:58 +0000] "GET http://47.99.121.32:39169/Ip/Up?Ip=27.131.144.56&Port=8080&Check=103&Order=61.176.222.170 HTTP/1.1" 404 162 "-" "Mozilla/5.0 (Windows NT 6.1; WOW64; rv:62.0) Gecko/20100101 Firefox/62.0"
61.176.222.170 - - [18/Jan/2019:02:18:47 +0000] "GET http://47.99.121.32:39169/Ip/Up?Ip=27.131.144.56&Port=8080&Check=103&Order=61.176.222.170 HTTP/1.1" 404 162 "-" "Mozilla/5.0 (Windows NT 6.1; WOW64; rv:62.0) Gecko/20100101 Firefox/62.0"
61.176.222.170 - - [18/Jan/2019:02:42:12 +0000] "GET http://47.99.121.32:39169/Ip/Up?Ip=27.131.144.56&Port=8080&Check=103&Order=61.176.222.170 HTTP/1.1" 404 162 "-" "Mozilla/5.0 (Windows NT 6.1; WOW64; rv:62.0) Gecko/20100101 Firefox/62.0"
61.176.222.170 - - [18/Jan/2019:02:49:55 +0000] "GET http://47.99.121.32:39169/Ip/Up?Ip=27.131.144.56&Port=8080&Check=103&Order=61.176.222.170 HTTP/1.1" 404 162 "-" "Mozilla/5.0 (Windows NT 6.1; WOW64; rv:62.0) Gecko/20100101 Firefox/62.0"
61.176.222.170 - - [18/Jan/2019:03:01:34 +0000] "GET http://47.99.121.32:39169/Ip/Up?Ip=27.131.144.56&Port=8080&Check=103&Order=61.176.222.170 HTTP/1.1" 404 162 "-" "Mozilla/5.0 (Windows NT 6.1; WOW64; rv:62.0) Gecko/20100101 Firefox/62.0"
61.176.222.170 - - [18/Jan/2019:03:21:05 +0000] "GET http://47.99.121.32:39169/Ip/Up?Ip=27.131.144.56&Port=8080&Check=103&Order=61.176.222.170 HTTP/1.1" 404 162 "-" "Mozilla/5.0 (Windows NT 6.1; WOW64; rv:62.0) Gecko/20100101 Firefox/62.0"
61.176.222.170 - - [18/Jan/2019:04:15:25 +0000] "GET http://47.99.121.32:39169/Ip/Up?Ip=27.131.144.56&Port=8080&Check=103&Order=61.176.222.170 HTTP/1.1" 404 162 "-" "Mozilla/5.0 (Windows NT 6.1; WOW64; rv:62.0) Gecko/20100101 Firefox/62.0"
61.176.222.170 - - [18/Jan/2019:04:19:14 +0000] "GET http://47.99.121.32:39169/Ip/Up?Ip=27.131.144.56&Port=8080&Check=103&Order=61.176.222.170 HTTP/1.1" 404 162 "-" "Mozilla/5.0 (Windows NT 6.1; WOW64; rv:62.0) Gecko/20100101 Firefox/62.0"
61.176.222.170 - - [18/Jan/2019:04:38:36 +0000] "GET http://47.99.121.32:39169/Ip/Up?Ip=27.131.144.56&Port=8080&Check=103&Order=61.176.222.170 HTTP/1.1" 404 162 "-" "Mozilla/5.0 (Windows NT 6.1; WOW64; rv:62.0) Gecko/20100101 Firefox/62.0"
175.8.1.21 - - [18/Jan/2019:04:56:01 +0000] "CONNECT mbp.yimg.com:443 HTTP/1.1" 400 166 "-" "-"
175.8.1.21 - - [18/Jan/2019:04:56:03 +0000] "CONNECT mbp.yimg.com:443 HTTP/1.1" 400 166 "-" "-"
175.8.1.21 - - [18/Jan/2019:04:56:04 +0000] "CONNECT mbp.yimg.com:443 HTTP/1.1" 400 166 "-" "-"
175.8.1.21 - - [18/Jan/2019:04:56:05 +0000] "CONNECT js.foundation:443 HTTP/1.1" 400 166 "-" "-"
175.8.1.21 - - [18/Jan/2019:04:56:05 +0000] "CONNECT js.foundation:443 HTTP/1.1" 400 166 "-" "-"
61.176.222.170 - - [18/Jan/2019:04:58:02 +0000] "GET http://47.99.121.32:39169/Ip/Up?Ip=27.131.144.56&Port=8080&Check=103&Order=61.176.222.170 HTTP/1.1" 404 162 "-" "Mozilla/5.0 (Windows NT 6.1; WOW64; rv:62.0) Gecko/20100101 Firefox/62.0"
61.176.222.170 - - [18/Jan/2019:05:13:43 +0000] "GET http://47.99.121.32:39169/Ip/Up?Ip=27.131.144.56&Port=8080&Check=103&Order=61.176.222.170 HTTP/1.1" 404 162 "-" "Mozilla/5.0 (Windows NT 6.1; WOW64; rv:62.0) Gecko/20100101 Firefox/62.0"
217.60.229.17 - - [18/Jan/2019:05:28:18 +0000] "GET / HTTP/1.1" 403 564 "-" "Mozilla/5.0 (Windows NT 6.1; WOW64) AppleWebKit/537.36 (KHTML, like Gecko) Chrome/52.0.2743.116 Safari/537.36"
61.176.222.170 - - [18/Jan/2019:05:48:36 +0000] "GET http://47.99.121.32:39169/Ip/Up?Ip=27.131.144.56&Port=8080&Check=103&Order=61.176.222.170 HTTP/1.1" 404 162 "-" "Mozilla/5.0 (Windows NT 6.1; WOW64; rv:62.0) Gecko/20100101 Firefox/62.0"
187.202.145.111 - - [18/Jan/2019:06:14:11 +0000] "GET / HTTP/1.1" 403 564 "-" "Mozilla/5.0 (Windows NT 6.1; WOW64) AppleWebKit/537.36 (KHTML, like Gecko) Chrome/52.0.2743.116 Safari/537.36"
213.19.48.254 - - [18/Jan/2019:06:28:22 +0000] "GET / HTTP/1.0" 403 564 "-" "Mozilla/5.0 (compatible; MSIE 9.0; Windows NT 6.1; WOW64; Trident/5.0)"
91.108.139.54 - - [18/Jan/2019:07:00:43 +0000] "GET / HTTP/1.1" 403 564 "-" "Mozilla/5.0 (Windows NT 10.0; WOW64) AppleWebKit/537.36 (KHTML, like Gecko) Chrome/52.0.2743.116 Safari/537.36"
61.176.222.170 - - [18/Jan/2019:07:06:10 +0000] "GET http://47.99.121.32:39169/Ip/Up?Ip=27.131.144.56&Port=8080&Check=103&Order=61.176.222.170 HTTP/1.1" 404 162 "-" "Mozilla/5.0 (Windows NT 6.1; WOW64; rv:62.0) Gecko/20100101 Firefox/62.0"
61.176.222.170 - - [18/Jan/2019:07:17:47 +0000] "GET http://47.99.121.32:39169/Ip/Up?Ip=27.131.144.56&Port=8080&Check=103&Order=61.176.222.170 HTTP/1.1" 404 162 "-" "Mozilla/5.0 (Windows NT 6.1; WOW64; rv:62.0) Gecko/20100101 Firefox/62.0"
61.176.222.170 - - [18/Jan/2019:07:41:03 +0000] "GET http://47.99.121.32:39169/Ip/Up?Ip=27.131.144.56&Port=8080&Check=103&Order=61.176.222.170 HTTP/1.1" 404 162 "-" "Mozilla/5.0 (Windows NT 6.1; WOW64; rv:62.0) Gecko/20100101 Firefox/62.0"
45.221.218.6 - - [18/Jan/2019:07:55:08 +0000] "GET / HTTP/1.1" 403 162 "-" "Mozilla/5.0 (Macintosh; Intel Mac OS X 10_11_6) AppleWebKit/601.7.7 (KHTML, like Gecko) Version/9.1.2 Safari/601.7.7"
209.17.96.218 - - [18/Jan/2019:07:57:55 +0000] "GET / HTTP/1.1" 403 162 "-" "Mozilla/5.0 (compatible; Nimbostratus-Bot/v1.3.2; http://cloudsystemnetworks.com)"
61.176.222.170 - - [18/Jan/2019:08:15:56 +0000] "GET http://47.99.121.32:39169/Ip/Up?Ip=27.131.144.56&Port=8080&Check=103&Order=61.176.222.170 HTTP/1.1" 404 162 "-" "Mozilla/5.0 (Windows NT 6.1; WOW64; rv:62.0) Gecko/20100101 Firefox/62.0"
212.92.100.179 - - [18/Jan/2019:08:29:45 +0000] "\x03\x00\x00\x13\x0E\xE0\x00\x00\x00\x00\x00\x01\x00\x08\x00\x02\x00\x00\x00\x03\x00\x01\xD6" 400 166 "-" "-"
61.176.222.170 - - [18/Jan/2019:08:39:09 +0000] "GET http://47.99.121.32:39169/Ip/Up?Ip=27.131.144.56&Port=8080&Check=103&Order=61.176.222.170 HTTP/1.1" 404 162 "-" "Mozilla/5.0 (Windows NT 6.1; WOW64; rv:62.0) Gecko/20100101 Firefox/62.0"
109.94.112.197 - - [18/Jan/2019:08:39:17 +0000] "GET / HTTP/1.1" 403 564 "-" "Mozilla/5.0 (Windows NT 10.0; WOW64) AppleWebKit/537.36 (KHTML, like Gecko) Chrome/52.0.2743.116 Safari/537.36"
61.176.222.170 - - [18/Jan/2019:08:43:02 +0000] "GET http://47.99.121.32:39169/Ip/Up?Ip=27.131.144.56&Port=8080&Check=103&Order=61.176.222.170 HTTP/1.1" 404 162 "-" "Mozilla/5.0 (Windows NT 6.1; WOW64; rv:62.0) Gecko/20100101 Firefox/62.0"
175.8.1.21 - - [18/Jan/2019:08:44:19 +0000] "CONNECT mbp.yimg.com:443 HTTP/1.1" 400 166 "-" "-"
175.8.1.21 - - [18/Jan/2019:08:44:19 +0000] "CONNECT mbp.yimg.com:443 HTTP/1.1" 400 166 "-" "-"
175.8.1.21 - - [18/Jan/2019:08:44:20 +0000] "CONNECT js.foundation:443 HTTP/1.1" 400 166 "-" "-"
175.8.1.21 - - [18/Jan/2019:08:44:20 +0000] "CONNECT js.foundation:443 HTTP/1.1" 400 166 "-" "-"
175.8.1.21 - - [18/Jan/2019:08:44:21 +0000] "CONNECT js.foundation:443 HTTP/1.1" 400 166 "-" "-"
61.176.222.170 - - [18/Jan/2019:08:54:38 +0000] "GET http://47.99.121.32:39169/Ip/Up?Ip=27.131.144.56&Port=8080&Check=103&Order=61.176.222.170 HTTP/1.1" 404 162 "-" "Mozilla/5.0 (Windows NT 6.1; WOW64; rv:62.0) Gecko/20100101 Firefox/62.0"
61.176.222.170 - - [18/Jan/2019:09:41:09 +0000] "GET http://47.99.121.32:39169/Ip/Up?Ip=27.131.144.56&Port=8080&Check=103&Order=61.176.222.170 HTTP/1.1" 404 162 "-" "Mozilla/5.0 (Windows NT 6.1; WOW64; rv:62.0) Gecko/20100101 Firefox/62.0"
61.176.222.170 - - [18/Jan/2019:09:48:51 +0000] "GET http://47.99.121.32:39169/Ip/Up?Ip=27.131.144.56&Port=8080&Check=103&Order=61.176.222.170 HTTP/1.1" 404 162 "-" "Mozilla/5.0 (Windows NT 6.1; WOW64; rv:62.0) Gecko/20100101 Firefox/62.0"
61.176.222.170 - - [18/Jan/2019:10:47:01 +0000] "GET http://47.99.121.32:39169/Ip/Up?Ip=27.131.144.56&Port=8080&Check=103&Order=61.176.222.170 HTTP/1.1" 404 162 "-" "Mozilla/5.0 (Windows NT 6.1; WOW64; rv:62.0) Gecko/20100101 Firefox/62.0"
61.219.11.151 - - [18/Jan/2019:10:57:56 +0000] "GET / HTTP/1.1" 400 166 "-" "-"
198.108.66.80 - - [18/Jan/2019:11:19:19 +0000] "GET / HTTP/1.1" 403 162 "-" "Mozilla/5.0 zgrab/0.x"
61.176.222.170 - - [18/Jan/2019:11:45:12 +0000] "GET http://47.99.121.32:39169/Ip/Up?Ip=27.131.144.56&Port=8080&Check=103&Order=61.176.222.170 HTTP/1.1" 404 162 "-" "Mozilla/5.0 (Windows NT 6.1; WOW64; rv:62.0) Gecko/20100101 Firefox/62.0"
175.8.1.21 - - [18/Jan/2019:11:55:21 +0000] "CONNECT mbp.yimg.com:443 HTTP/1.1" 400 166 "-" "-"
175.8.1.21 - - [18/Jan/2019:11:55:21 +0000] "CONNECT mbp.yimg.com:443 HTTP/1.1" 400 166 "-" "-"
175.8.1.21 - - [18/Jan/2019:11:55:22 +0000] "CONNECT mbp.yimg.com:443 HTTP/1.1" 400 166 "-" "-"
175.8.1.21 - - [18/Jan/2019:11:55:23 +0000] "CONNECT js.foundation:443 HTTP/1.1" 400 166 "-" "-"
175.8.1.21 - - [18/Jan/2019:11:55:23 +0000] "CONNECT js.foundation:443 HTTP/1.1" 400 166 "-" "-"
207.246.69.70 - - [18/Jan/2019:12:52:48 +0000] "GET / HTTP/1.1" 403 162 "-" "Mozilla/5.0 (Windows NT 5.1; rv:9.0.1) Gecko/20100101 Firefox/9.0.1"
207.246.69.70 - - [18/Jan/2019:12:52:49 +0000] "GET http://www.msftncsi.com/ncsi.txt HTTP/1.1" 404 162 "http://27.131.144.56:8080/" "Mozilla/5.0 (Windows NT 5.1; rv:9.0.1) Gecko/20100101 Firefox/9.0.1"
207.246.69.70 - - [18/Jan/2019:12:52:49 +0000] "GET /HNAP1/ HTTP/1.1" 404 162 "http://27.131.144.56:8080/" "Mozilla/5.0 (Windows NT 5.1; rv:9.0.1) Gecko/20100101 Firefox/9.0.1"
207.246.69.70 - - [18/Jan/2019:12:52:50 +0000] "GET /hudson/script HTTP/1.1" 404 162 "http://27.131.144.56:8080/" "Mozilla/5.0 (Windows NT 5.1; rv:9.0.1) Gecko/20100101 Firefox/9.0.1"
207.246.69.70 - - [18/Jan/2019:12:52:50 +0000] "GET /script HTTP/1.1" 404 162 "http://27.131.144.56:8080/" "Mozilla/5.0 (Windows NT 5.1; rv:9.0.1) Gecko/20100101 Firefox/9.0.1"
207.246.69.70 - - [18/Jan/2019:12:52:51 +0000] "GET /sqlite/main.php HTTP/1.1" 404 162 "http://27.131.144.56:8080/" "Mozilla/5.0 (Windows NT 5.1; rv:9.0.1) Gecko/20100101 Firefox/9.0.1"
207.246.69.70 - - [18/Jan/2019:12:52:52 +0000] "GET /sqlitemanager/main.php HTTP/1.1" 404 162 "http://27.131.144.56:8080/" "Mozilla/5.0 (Windows NT 5.1; rv:9.0.1) Gecko/20100101 Firefox/9.0.1"
207.246.69.70 - - [18/Jan/2019:12:52:52 +0000] "GET /SQLiteManager/main.php HTTP/1.1" 404 162 "http://27.131.144.56:8080/" "Mozilla/5.0 (Windows NT 5.1; rv:9.0.1) Gecko/20100101 Firefox/9.0.1"
207.246.69.70 - - [18/Jan/2019:12:52:53 +0000] "GET /SQLite/main.php HTTP/1.1" 404 162 "http://27.131.144.56:8080/" "Mozilla/5.0 (Windows NT 5.1; rv:9.0.1) Gecko/20100101 Firefox/9.0.1"
207.246.69.70 - - [18/Jan/2019:12:52:53 +0000] "GET /SQlite/main.php HTTP/1.1" 404 162 "http://27.131.144.56:8080/" "Mozilla/5.0 (Windows NT 5.1; rv:9.0.1) Gecko/20100101 Firefox/9.0.1"
207.246.69.70 - - [18/Jan/2019:12:52:54 +0000] "GET /main.php HTTP/1.1" 404 162 "http://27.131.144.56:8080/" "Mozilla/5.0 (Windows NT 5.1; rv:9.0.1) Gecko/20100101 Firefox/9.0.1"
207.246.69.70 - - [18/Jan/2019:12:52:54 +0000] "GET /test/sqlite/SQLiteManager-1.2.0/SQLiteManager-1.2.0/main.php HTTP/1.1" 404 162 "http://27.131.144.56:8080/" "Mozilla/5.0 (Windows NT 5.1; rv:9.0.1) Gecko/20100101 Firefox/9.0.1"
207.246.69.70 - - [18/Jan/2019:12:52:55 +0000] "GET /SQLiteManager-1.2.4/main.php HTTP/1.1" 404 162 "http://27.131.144.56:8080/" "Mozilla/5.0 (Windows NT 5.1; rv:9.0.1) Gecko/20100101 Firefox/9.0.1"
207.246.69.70 - - [18/Jan/2019:12:52:55 +0000] "GET /agSearch/SQlite/main.php HTTP/1.1" 404 162 "http://27.131.144.56:8080/" "Mozilla/5.0 (Windows NT 5.1; rv:9.0.1) Gecko/20100101 Firefox/9.0.1"
207.246.69.70 - - [18/Jan/2019:12:52:56 +0000] "GET /phpmyadmin/ HTTP/1.1" 404 162 "http://27.131.144.56:8080/" "Mozilla/5.0 (Windows NT 5.1; rv:9.0.1) Gecko/20100101 Firefox/9.0.1"
207.246.69.70 - - [18/Jan/2019:12:52:57 +0000] "GET /phpMyAdmin/ HTTP/1.1" 404 162 "http://27.131.144.56:8080/" "Mozilla/5.0 (Windows NT 5.1; rv:9.0.1) Gecko/20100101 Firefox/9.0.1"
207.246.69.70 - - [18/Jan/2019:12:52:57 +0000] "GET /PMA/ HTTP/1.1" 404 162 "http://27.131.144.56:8080/" "Mozilla/5.0 (Windows NT 5.1; rv:9.0.1) Gecko/20100101 Firefox/9.0.1"
207.246.69.70 - - [18/Jan/2019:12:52:58 +0000] "GET /pma/ HTTP/1.1" 404 162 "http://27.131.144.56:8080/" "Mozilla/5.0 (Windows NT 5.1; rv:9.0.1) Gecko/20100101 Firefox/9.0.1"
207.246.69.70 - - [18/Jan/2019:12:52:58 +0000] "GET /admin/ HTTP/1.1" 404 162 "http://27.131.144.56:8080/" "Mozilla/5.0 (Windows NT 5.1; rv:9.0.1) Gecko/20100101 Firefox/9.0.1"
207.246.69.70 - - [18/Jan/2019:12:52:59 +0000] "GET /dbadmin/ HTTP/1.1" 404 162 "http://27.131.144.56:8080/" "Mozilla/5.0 (Windows NT 5.1; rv:9.0.1) Gecko/20100101 Firefox/9.0.1"
207.246.69.70 - - [18/Jan/2019:12:52:59 +0000] "GET /mysql/ HTTP/1.1" 404 162 "http://27.131.144.56:8080/" "Mozilla/5.0 (Windows NT 5.1; rv:9.0.1) Gecko/20100101 Firefox/9.0.1"
207.246.69.70 - - [18/Jan/2019:12:53:00 +0000] "GET /myadmin/ HTTP/1.1" 404 162 "http://27.131.144.56:8080/" "Mozilla/5.0 (Windows NT 5.1; rv:9.0.1) Gecko/20100101 Firefox/9.0.1"
207.246.69.70 - - [18/Jan/2019:12:53:01 +0000] "GET /openserver/phpmyadmin/ HTTP/1.1" 404 162 "http://27.131.144.56:8080/" "Mozilla/5.0 (Windows NT 5.1; rv:9.0.1) Gecko/20100101 Firefox/9.0.1"
207.246.69.70 - - [18/Jan/2019:12:53:01 +0000] "GET /phpmyadmin2/ HTTP/1.1" 404 162 "http://27.131.144.56:8080/" "Mozilla/5.0 (Windows NT 5.1; rv:9.0.1) Gecko/20100101 Firefox/9.0.1"
207.246.69.70 - - [18/Jan/2019:12:53:02 +0000] "GET /phpMyAdmin2/ HTTP/1.1" 404 162 "http://27.131.144.56:8080/" "Mozilla/5.0 (Windows NT 5.1; rv:9.0.1) Gecko/20100101 Firefox/9.0.1"
207.246.69.70 - - [18/Jan/2019:12:53:02 +0000] "GET /phpMyAdmin-2/ HTTP/1.1" 404 162 "http://27.131.144.56:8080/" "Mozilla/5.0 (Windows NT 5.1; rv:9.0.1) Gecko/20100101 Firefox/9.0.1"
207.246.69.70 - - [18/Jan/2019:12:53:03 +0000] "GET /php-my-admin/ HTTP/1.1" 404 162 "http://27.131.144.56:8080/" "Mozilla/5.0 (Windows NT 5.1; rv:9.0.1) Gecko/20100101 Firefox/9.0.1"
207.246.69.70 - - [18/Jan/2019:12:53:04 +0000] "GET /phpMyAdmin-2.2.3/ HTTP/1.1" 404 162 "http://27.131.144.56:8080/" "Mozilla/5.0 (Windows NT 5.1; rv:9.0.1) Gecko/20100101 Firefox/9.0.1"
207.246.69.70 - - [18/Jan/2019:12:53:04 +0000] "GET /phpMyAdmin-2.2.6/ HTTP/1.1" 404 162 "http://27.131.144.56:8080/" "Mozilla/5.0 (Windows NT 5.1; rv:9.0.1) Gecko/20100101 Firefox/9.0.1"
207.246.69.70 - - [18/Jan/2019:12:53:05 +0000] "GET /phpMyAdmin-2.5.1/ HTTP/1.1" 404 162 "http://27.131.144.56:8080/" "Mozilla/5.0 (Windows NT 5.1; rv:9.0.1) Gecko/20100101 Firefox/9.0.1"
207.246.69.70 - - [18/Jan/2019:12:53:05 +0000] "GET /phpMyAdmin-2.5.4/ HTTP/1.1" 404 162 "http://27.131.144.56:8080/" "Mozilla/5.0 (Windows NT 5.1; rv:9.0.1) Gecko/20100101 Firefox/9.0.1"
207.246.69.70 - - [18/Jan/2019:12:53:06 +0000] "GET /phpMyAdmin-2.5.5-rc1/ HTTP/1.1" 404 162 "http://27.131.144.56:8080/" "Mozilla/5.0 (Windows NT 5.1; rv:9.0.1) Gecko/20100101 Firefox/9.0.1"
207.246.69.70 - - [18/Jan/2019:12:53:06 +0000] "GET /phpMyAdmin-2.5.5-rc2/ HTTP/1.1" 404 162 "http://27.131.144.56:8080/" "Mozilla/5.0 (Windows NT 5.1; rv:9.0.1) Gecko/20100101 Firefox/9.0.1"
207.246.69.70 - - [18/Jan/2019:12:53:07 +0000] "GET /phpMyAdmin-2.5.5/ HTTP/1.1" 404 162 "http://27.131.144.56:8080/" "Mozilla/5.0 (Windows NT 5.1; rv:9.0.1) Gecko/20100101 Firefox/9.0.1"
207.246.69.70 - - [18/Jan/2019:12:53:07 +0000] "GET /phpMyAdmin-2.5.5-pl1/ HTTP/1.1" 404 162 "http://27.131.144.56:8080/" "Mozilla/5.0 (Windows NT 5.1; rv:9.0.1) Gecko/20100101 Firefox/9.0.1"
207.246.69.70 - - [18/Jan/2019:12:53:08 +0000] "GET /phpMyAdmin-2.5.6-rc1/ HTTP/1.1" 404 162 "http://27.131.144.56:8080/" "Mozilla/5.0 (Windows NT 5.1; rv:9.0.1) Gecko/20100101 Firefox/9.0.1"
207.246.69.70 - - [18/Jan/2019:12:53:09 +0000] "GET /phpMyAdmin-2.5.6-rc2/ HTTP/1.1" 404 162 "http://27.131.144.56:8080/" "Mozilla/5.0 (Windows NT 5.1; rv:9.0.1) Gecko/20100101 Firefox/9.0.1"
207.246.69.70 - - [18/Jan/2019:12:53:09 +0000] "GET /phpMyAdmin-2.5.6/ HTTP/1.1" 404 162 "http://27.131.144.56:8080/" "Mozilla/5.0 (Windows NT 5.1; rv:9.0.1) Gecko/20100101 Firefox/9.0.1"
207.246.69.70 - - [18/Jan/2019:12:53:10 +0000] "GET /phpMyAdmin-2.5.7/ HTTP/1.1" 404 162 "http://27.131.144.56:8080/" "Mozilla/5.0 (Windows NT 5.1; rv:9.0.1) Gecko/20100101 Firefox/9.0.1"
207.246.69.70 - - [18/Jan/2019:12:53:10 +0000] "GET /phpMyAdmin-2.5.7-pl1/ HTTP/1.1" 404 162 "http://27.131.144.56:8080/" "Mozilla/5.0 (Windows NT 5.1; rv:9.0.1) Gecko/20100101 Firefox/9.0.1"
207.246.69.70 - - [18/Jan/2019:12:53:11 +0000] "GET /phpMyAdmin-2.6.0-alpha/ HTTP/1.1" 404 162 "http://27.131.144.56:8080/" "Mozilla/5.0 (Windows NT 5.1; rv:9.0.1) Gecko/20100101 Firefox/9.0.1"
207.246.69.70 - - [18/Jan/2019:12:53:11 +0000] "GET /phpMyAdmin-2.6.0-alpha2/ HTTP/1.1" 404 162 "http://27.131.144.56:8080/" "Mozilla/5.0 (Windows NT 5.1; rv:9.0.1) Gecko/20100101 Firefox/9.0.1"
207.246.69.70 - - [18/Jan/2019:12:53:12 +0000] "GET /phpMyAdmin-2.6.0-beta1/ HTTP/1.1" 404 162 "http://27.131.144.56:8080/" "Mozilla/5.0 (Windows NT 5.1; rv:9.0.1) Gecko/20100101 Firefox/9.0.1"
207.246.69.70 - - [18/Jan/2019:12:53:13 +0000] "GET /phpMyAdmin-2.6.0-beta2/ HTTP/1.1" 404 162 "http://27.131.144.56:8080/" "Mozilla/5.0 (Windows NT 5.1; rv:9.0.1) Gecko/20100101 Firefox/9.0.1"
207.246.69.70 - - [18/Jan/2019:12:53:13 +0000] "GET /phpMyAdmin-2.6.0-rc1/ HTTP/1.1" 404 162 "http://27.131.144.56:8080/" "Mozilla/5.0 (Windows NT 5.1; rv:9.0.1) Gecko/20100101 Firefox/9.0.1"
207.246.69.70 - - [18/Jan/2019:12:53:14 +0000] "GET /phpMyAdmin-2.6.0-rc2/ HTTP/1.1" 404 162 "http://27.131.144.56:8080/" "Mozilla/5.0 (Windows NT 5.1; rv:9.0.1) Gecko/20100101 Firefox/9.0.1"
207.246.69.70 - - [18/Jan/2019:12:53:14 +0000] "GET /phpMyAdmin-2.6.0-rc3/ HTTP/1.1" 404 162 "http://27.131.144.56:8080/" "Mozilla/5.0 (Windows NT 5.1; rv:9.0.1) Gecko/20100101 Firefox/9.0.1"
207.246.69.70 - - [18/Jan/2019:12:53:15 +0000] "GET /phpMyAdmin-2.6.0/ HTTP/1.1" 404 162 "http://27.131.144.56:8080/" "Mozilla/5.0 (Windows NT 5.1; rv:9.0.1) Gecko/20100101 Firefox/9.0.1"
207.246.69.70 - - [18/Jan/2019:12:53:15 +0000] "GET /phpMyAdmin-2.6.0-pl1/ HTTP/1.1" 404 162 "http://27.131.144.56:8080/" "Mozilla/5.0 (Windows NT 5.1; rv:9.0.1) Gecko/20100101 Firefox/9.0.1"
207.246.69.70 - - [18/Jan/2019:12:53:16 +0000] "GET /phpMyAdmin-2.6.0-pl2/ HTTP/1.1" 404 162 "http://27.131.144.56:8080/" "Mozilla/5.0 (Windows NT 5.1; rv:9.0.1) Gecko/20100101 Firefox/9.0.1"
207.246.69.70 - - [18/Jan/2019:12:53:17 +0000] "GET /phpMyAdmin-2.6.0-pl3/ HTTP/1.1" 404 162 "http://27.131.144.56:8080/" "Mozilla/5.0 (Windows NT 5.1; rv:9.0.1) Gecko/20100101 Firefox/9.0.1"
207.246.69.70 - - [18/Jan/2019:12:53:17 +0000] "GET /phpMyAdmin-2.6.1-rc1/ HTTP/1.1" 404 162 "http://27.131.144.56:8080/" "Mozilla/5.0 (Windows NT 5.1; rv:9.0.1) Gecko/20100101 Firefox/9.0.1"
207.246.69.70 - - [18/Jan/2019:12:53:18 +0000] "GET /phpMyAdmin-2.6.1-rc2/ HTTP/1.1" 404 162 "http://27.131.144.56:8080/" "Mozilla/5.0 (Windows NT 5.1; rv:9.0.1) Gecko/20100101 Firefox/9.0.1"
207.246.69.70 - - [18/Jan/2019:12:53:18 +0000] "GET /phpMyAdmin-2.6.1/ HTTP/1.1" 404 162 "http://27.131.144.56:8080/" "Mozilla/5.0 (Windows NT 5.1; rv:9.0.1) Gecko/20100101 Firefox/9.0.1"
207.246.69.70 - - [18/Jan/2019:12:53:19 +0000] "GET /phpMyAdmin-2.6.1-pl1/ HTTP/1.1" 404 162 "http://27.131.144.56:8080/" "Mozilla/5.0 (Windows NT 5.1; rv:9.0.1) Gecko/20100101 Firefox/9.0.1"
207.246.69.70 - - [18/Jan/2019:12:53:19 +0000] "GET /phpMyAdmin-2.6.1-pl2/ HTTP/1.1" 404 162 "http://27.131.144.56:8080/" "Mozilla/5.0 (Windows NT 5.1; rv:9.0.1) Gecko/20100101 Firefox/9.0.1"
207.246.69.70 - - [18/Jan/2019:12:53:20 +0000] "GET /phpMyAdmin-2.6.1-pl3/ HTTP/1.1" 404 162 "http://27.131.144.56:8080/" "Mozilla/5.0 (Windows NT 5.1; rv:9.0.1) Gecko/20100101 Firefox/9.0.1"
207.246.69.70 - - [18/Jan/2019:12:53:20 +0000] "GET /phpMyAdmin-2.6.2-rc1/ HTTP/1.1" 404 162 "http://27.131.144.56:8080/" "Mozilla/5.0 (Windows NT 5.1; rv:9.0.1) Gecko/20100101 Firefox/9.0.1"
207.246.69.70 - - [18/Jan/2019:12:53:21 +0000] "GET /phpMyAdmin-2.6.2-beta1/ HTTP/1.1" 404 162 "http://27.131.144.56:8080/" "Mozilla/5.0 (Windows NT 5.1; rv:9.0.1) Gecko/20100101 Firefox/9.0.1"
207.246.69.70 - - [18/Jan/2019:12:53:22 +0000] "GET /phpMyAdmin-2.6.2-rc1/ HTTP/1.1" 404 162 "http://27.131.144.56:8080/" "Mozilla/5.0 (Windows NT 5.1; rv:9.0.1) Gecko/20100101 Firefox/9.0.1"
207.246.69.70 - - [18/Jan/2019:12:53:22 +0000] "GET /phpMyAdmin-2.6.2/ HTTP/1.1" 404 162 "http://27.131.144.56:8080/" "Mozilla/5.0 (Windows NT 5.1; rv:9.0.1) Gecko/20100101 Firefox/9.0.1"
207.246.69.70 - - [18/Jan/2019:12:53:23 +0000] "GET /phpMyAdmin-2.6.2-pl1/ HTTP/1.1" 404 162 "http://27.131.144.56:8080/" "Mozilla/5.0 (Windows NT 5.1; rv:9.0.1) Gecko/20100101 Firefox/9.0.1"
207.246.69.70 - - [18/Jan/2019:12:53:23 +0000] "GET /phpMyAdmin-2.6.3/ HTTP/1.1" 404 162 "http://27.131.144.56:8080/" "Mozilla/5.0 (Windows NT 5.1; rv:9.0.1) Gecko/20100101 Firefox/9.0.1"
207.246.69.70 - - [18/Jan/2019:12:53:24 +0000] "GET /phpMyAdmin-2.6.3-rc1/ HTTP/1.1" 404 162 "http://27.131.144.56:8080/" "Mozilla/5.0 (Windows NT 5.1; rv:9.0.1) Gecko/20100101 Firefox/9.0.1"
207.246.69.70 - - [18/Jan/2019:12:53:24 +0000] "GET /phpMyAdmin-2.6.3/ HTTP/1.1" 404 162 "http://27.131.144.56:8080/" "Mozilla/5.0 (Windows NT 5.1; rv:9.0.1) Gecko/20100101 Firefox/9.0.1"
207.246.69.70 - - [18/Jan/2019:12:53:25 +0000] "GET /phpMyAdmin-2.6.3-pl1/ HTTP/1.1" 404 162 "http://27.131.144.56:8080/" "Mozilla/5.0 (Windows NT 5.1; rv:9.0.1) Gecko/20100101 Firefox/9.0.1"
207.246.69.70 - - [18/Jan/2019:12:53:26 +0000] "GET /phpMyAdmin-2.6.4-rc1/ HTTP/1.1" 404 162 "http://27.131.144.56:8080/" "Mozilla/5.0 (Windows NT 5.1; rv:9.0.1) Gecko/20100101 Firefox/9.0.1"
207.246.69.70 - - [18/Jan/2019:12:53:26 +0000] "GET /phpMyAdmin-2.6.4-pl1/ HTTP/1.1" 404 162 "http://27.131.144.56:8080/" "Mozilla/5.0 (Windows NT 5.1; rv:9.0.1) Gecko/20100101 Firefox/9.0.1"
207.246.69.70 - - [18/Jan/2019:12:53:27 +0000] "GET /phpMyAdmin-2.6.4-pl2/ HTTP/1.1" 404 162 "http://27.131.144.56:8080/" "Mozilla/5.0 (Windows NT 5.1; rv:9.0.1) Gecko/20100101 Firefox/9.0.1"
207.246.69.70 - - [18/Jan/2019:12:53:27 +0000] "GET /phpMyAdmin-2.6.4-pl3/ HTTP/1.1" 404 162 "http://27.131.144.56:8080/" "Mozilla/5.0 (Windows NT 5.1; rv:9.0.1) Gecko/20100101 Firefox/9.0.1"
207.246.69.70 - - [18/Jan/2019:12:53:28 +0000] "GET /phpMyAdmin-2.6.4-pl4/ HTTP/1.1" 404 162 "http://27.131.144.56:8080/" "Mozilla/5.0 (Windows NT 5.1; rv:9.0.1) Gecko/20100101 Firefox/9.0.1"
207.246.69.70 - - [18/Jan/2019:12:53:28 +0000] "GET /phpMyAdmin-2.6.4/ HTTP/1.1" 404 162 "http://27.131.144.56:8080/" "Mozilla/5.0 (Windows NT 5.1; rv:9.0.1) Gecko/20100101 Firefox/9.0.1"
207.246.69.70 - - [18/Jan/2019:12:53:29 +0000] "GET /phpMyAdmin-2.7.0-beta1/ HTTP/1.1" 404 162 "http://27.131.144.56:8080/" "Mozilla/5.0 (Windows NT 5.1; rv:9.0.1) Gecko/20100101 Firefox/9.0.1"
207.246.69.70 - - [18/Jan/2019:12:53:30 +0000] "GET /phpMyAdmin-2.7.0-rc1/ HTTP/1.1" 404 162 "http://27.131.144.56:8080/" "Mozilla/5.0 (Windows NT 5.1; rv:9.0.1) Gecko/20100101 Firefox/9.0.1"
207.246.69.70 - - [18/Jan/2019:12:53:30 +0000] "GET /phpMyAdmin-2.7.0-pl1/ HTTP/1.1" 404 162 "http://27.131.144.56:8080/" "Mozilla/5.0 (Windows NT 5.1; rv:9.0.1) Gecko/20100101 Firefox/9.0.1"
207.246.69.70 - - [18/Jan/2019:12:53:31 +0000] "GET /phpMyAdmin-2.7.0-pl2/ HTTP/1.1" 404 162 "http://27.131.144.56:8080/" "Mozilla/5.0 (Windows NT 5.1; rv:9.0.1) Gecko/20100101 Firefox/9.0.1"
207.246.69.70 - - [18/Jan/2019:12:53:31 +0000] "GET /phpMyAdmin-2.7.0/ HTTP/1.1" 404 162 "http://27.131.144.56:8080/" "Mozilla/5.0 (Windows NT 5.1; rv:9.0.1) Gecko/20100101 Firefox/9.0.1"
207.246.69.70 - - [18/Jan/2019:12:53:32 +0000] "GET /phpMyAdmin-2.8.0-beta1/ HTTP/1.1" 404 162 "http://27.131.144.56:8080/" "Mozilla/5.0 (Windows NT 5.1; rv:9.0.1) Gecko/20100101 Firefox/9.0.1"
207.246.69.70 - - [18/Jan/2019:12:53:32 +0000] "GET /phpMyAdmin-2.8.0-rc1/ HTTP/1.1" 404 162 "http://27.131.144.56:8080/" "Mozilla/5.0 (Windows NT 5.1; rv:9.0.1) Gecko/20100101 Firefox/9.0.1"
207.246.69.70 - - [18/Jan/2019:12:53:33 +0000] "GET /phpMyAdmin-2.8.0-rc2/ HTTP/1.1" 404 162 "http://27.131.144.56:8080/" "Mozilla/5.0 (Windows NT 5.1; rv:9.0.1) Gecko/20100101 Firefox/9.0.1"
207.246.69.70 - - [18/Jan/2019:12:53:33 +0000] "GET /phpMyAdmin-2.8.0/ HTTP/1.1" 404 162 "http://27.131.144.56:8080/" "Mozilla/5.0 (Windows NT 5.1; rv:9.0.1) Gecko/20100101 Firefox/9.0.1"
207.246.69.70 - - [18/Jan/2019:12:53:34 +0000] "GET /phpMyAdmin-2.8.0.1/ HTTP/1.1" 404 162 "http://27.131.144.56:8080/" "Mozilla/5.0 (Windows NT 5.1; rv:9.0.1) Gecko/20100101 Firefox/9.0.1"
207.246.69.70 - - [18/Jan/2019:12:53:35 +0000] "GET /phpMyAdmin-2.8.0.2/ HTTP/1.1" 404 162 "http://27.131.144.56:8080/" "Mozilla/5.0 (Windows NT 5.1; rv:9.0.1) Gecko/20100101 Firefox/9.0.1"
207.246.69.70 - - [18/Jan/2019:12:53:35 +0000] "GET /phpMyAdmin-2.8.0.3/ HTTP/1.1" 404 162 "http://27.131.144.56:8080/" "Mozilla/5.0 (Windows NT 5.1; rv:9.0.1) Gecko/20100101 Firefox/9.0.1"
207.246.69.70 - - [18/Jan/2019:12:53:36 +0000] "GET /phpMyAdmin-2.8.0.4/ HTTP/1.1" 404 162 "http://27.131.144.56:8080/" "Mozilla/5.0 (Windows NT 5.1; rv:9.0.1) Gecko/20100101 Firefox/9.0.1"
207.246.69.70 - - [18/Jan/2019:12:53:36 +0000] "GET /phpMyAdmin-2.8.1-rc1/ HTTP/1.1" 404 162 "http://27.131.144.56:8080/" "Mozilla/5.0 (Windows NT 5.1; rv:9.0.1) Gecko/20100101 Firefox/9.0.1"
207.246.69.70 - - [18/Jan/2019:12:53:37 +0000] "GET /phpMyAdmin-2.8.1/ HTTP/1.1" 404 162 "http://27.131.144.56:8080/" "Mozilla/5.0 (Windows NT 5.1; rv:9.0.1) Gecko/20100101 Firefox/9.0.1"
207.246.69.70 - - [18/Jan/2019:12:53:37 +0000] "GET /phpMyAdmin-2.8.2/ HTTP/1.1" 404 162 "http://27.131.144.56:8080/" "Mozilla/5.0 (Windows NT 5.1; rv:9.0.1) Gecko/20100101 Firefox/9.0.1"
207.246.69.70 - - [18/Jan/2019:12:53:38 +0000] "GET /sqlmanager/ HTTP/1.1" 404 162 "http://27.131.144.56:8080/" "Mozilla/5.0 (Windows NT 5.1; rv:9.0.1) Gecko/20100101 Firefox/9.0.1"
207.246.69.70 - - [18/Jan/2019:12:53:39 +0000] "GET /mysqlmanager/ HTTP/1.1" 404 162 "http://27.131.144.56:8080/" "Mozilla/5.0 (Windows NT 5.1; rv:9.0.1) Gecko/20100101 Firefox/9.0.1"
207.246.69.70 - - [18/Jan/2019:12:53:39 +0000] "GET /p/m/a/ HTTP/1.1" 404 162 "http://27.131.144.56:8080/" "Mozilla/5.0 (Windows NT 5.1; rv:9.0.1) Gecko/20100101 Firefox/9.0.1"
207.246.69.70 - - [18/Jan/2019:12:53:40 +0000] "GET /PMA2005/ HTTP/1.1" 404 162 "http://27.131.144.56:8080/" "Mozilla/5.0 (Windows NT 5.1; rv:9.0.1) Gecko/20100101 Firefox/9.0.1"
207.246.69.70 - - [18/Jan/2019:12:53:40 +0000] "GET /pma2005/ HTTP/1.1" 404 162 "http://27.131.144.56:8080/" "Mozilla/5.0 (Windows NT 5.1; rv:9.0.1) Gecko/20100101 Firefox/9.0.1"
207.246.69.70 - - [18/Jan/2019:12:53:41 +0000] "GET /phpmanager/ HTTP/1.1" 404 162 "http://27.131.144.56:8080/" "Mozilla/5.0 (Windows NT 5.1; rv:9.0.1) Gecko/20100101 Firefox/9.0.1"
207.246.69.70 - - [18/Jan/2019:12:53:41 +0000] "GET /php-myadmin/ HTTP/1.1" 404 162 "http://27.131.144.56:8080/" "Mozilla/5.0 (Windows NT 5.1; rv:9.0.1) Gecko/20100101 Firefox/9.0.1"
207.246.69.70 - - [18/Jan/2019:12:53:42 +0000] "GET /phpmy-admin/ HTTP/1.1" 404 162 "http://27.131.144.56:8080/" "Mozilla/5.0 (Windows NT 5.1; rv:9.0.1) Gecko/20100101 Firefox/9.0.1"
207.246.69.70 - - [18/Jan/2019:12:53:43 +0000] "GET /webadmin/ HTTP/1.1" 404 162 "http://27.131.144.56:8080/" "Mozilla/5.0 (Windows NT 5.1; rv:9.0.1) Gecko/20100101 Firefox/9.0.1"
207.246.69.70 - - [18/Jan/2019:12:53:43 +0000] "GET /sqlweb/ HTTP/1.1" 404 162 "http://27.131.144.56:8080/" "Mozilla/5.0 (Windows NT 5.1; rv:9.0.1) Gecko/20100101 Firefox/9.0.1"
207.246.69.70 - - [18/Jan/2019:12:53:44 +0000] "GET /websql/ HTTP/1.1" 404 162 "http://27.131.144.56:8080/" "Mozilla/5.0 (Windows NT 5.1; rv:9.0.1) Gecko/20100101 Firefox/9.0.1"
207.246.69.70 - - [18/Jan/2019:12:53:44 +0000] "GET /webdb/ HTTP/1.1" 404 162 "http://27.131.144.56:8080/" "Mozilla/5.0 (Windows NT 5.1; rv:9.0.1) Gecko/20100101 Firefox/9.0.1"
207.246.69.70 - - [18/Jan/2019:12:53:45 +0000] "GET /mysqladmin/ HTTP/1.1" 404 162 "http://27.131.144.56:8080/" "Mozilla/5.0 (Windows NT 5.1; rv:9.0.1) Gecko/20100101 Firefox/9.0.1"
207.246.69.70 - - [18/Jan/2019:12:53:45 +0000] "GET /mysql-admin/ HTTP/1.1" 404 162 "http://27.131.144.56:8080/" "Mozilla/5.0 (Windows NT 5.1; rv:9.0.1) Gecko/20100101 Firefox/9.0.1"
201.43.129.99 - - [18/Jan/2019:12:54:59 +0000] "GET / HTTP/1.1" 403 564 "-" "Mozilla/5.0 (Windows NT 10.0; WOW64) AppleWebKit/537.36 (KHTML, like Gecko) Chrome/52.0.2743.116 Safari/537.36"
61.176.222.170 - - [18/Jan/2019:13:06:43 +0000] "GET http://47.99.121.32:39169/Ip/Up?Ip=27.131.144.56&Port=8080&Check=103&Order=61.176.222.170 HTTP/1.1" 404 162 "-" "Mozilla/5.0 (Windows NT 6.1; WOW64; rv:62.0) Gecko/20100101 Firefox/62.0"
61.176.222.170 - - [18/Jan/2019:13:29:59 +0000] "GET http://47.99.121.32:39169/Ip/Up?Ip=27.131.144.56&Port=8080&Check=103&Order=61.176.222.170 HTTP/1.1" 404 162 "-" "Mozilla/5.0 (Windows NT 6.1; WOW64; rv:62.0) Gecko/20100101 Firefox/62.0"
61.176.222.170 - - [18/Jan/2019:13:53:20 +0000] "GET http://47.99.121.32:39169/Ip/Up?Ip=27.131.144.56&Port=8080&Check=103&Order=61.176.222.170 HTTP/1.1" 404 162 "-" "Mozilla/5.0 (Windows NT 6.1; WOW64; rv:62.0) Gecko/20100101 Firefox/62.0"
61.176.222.170 - - [18/Jan/2019:14:08:54 +0000] "GET http://47.99.121.32:39169/Ip/Up?Ip=27.131.144.56&Port=8080&Check=103&Order=61.176.222.170 HTTP/1.1" 404 162 "-" "Mozilla/5.0 (Windows NT 6.1; WOW64; rv:62.0) Gecko/20100101 Firefox/62.0"
61.176.222.170 - - [18/Jan/2019:14:12:46 +0000] "GET http://47.99.121.32:39169/Ip/Up?Ip=27.131.144.56&Port=8080&Check=103&Order=61.176.222.170 HTTP/1.1" 404 162 "-" "Mozilla/5.0 (Windows NT 6.1; WOW64; rv:62.0) Gecko/20100101 Firefox/62.0"
61.176.222.170 - - [18/Jan/2019:14:16:38 +0000] "GET http://47.99.121.32:39169/Ip/Up?Ip=27.131.144.56&Port=8080&Check=103&Order=61.176.222.170 HTTP/1.1" 404 162 "-" "Mozilla/5.0 (Windows NT 6.1; WOW64; rv:62.0) Gecko/20100101 Firefox/62.0"
61.176.222.170 - - [18/Jan/2019:14:32:22 +0000] "GET http://47.99.121.32:39169/Ip/Up?Ip=27.131.144.56&Port=8080&Check=103&Order=61.176.222.170 HTTP/1.1" 404 162 "-" "Mozilla/5.0 (Windows NT 6.1; WOW64; rv:62.0) Gecko/20100101 Firefox/62.0"
61.176.222.170 - - [18/Jan/2019:14:47:54 +0000] "GET http://47.99.121.32:39169/Ip/Up?Ip=27.131.144.56&Port=8080&Check=103&Order=61.176.222.170 HTTP/1.1" 404 162 "-" "Mozilla/5.0 (Windows NT 6.1; WOW64; rv:62.0) Gecko/20100101 Firefox/62.0"
61.176.222.170 - - [18/Jan/2019:15:07:18 +0000] "GET http://47.99.121.32:39169/Ip/Up?Ip=27.131.144.56&Port=8080&Check=103&Order=61.176.222.170 HTTP/1.1" 404 162 "-" "Mozilla/5.0 (Windows NT 6.1; WOW64; rv:62.0) Gecko/20100101 Firefox/62.0"
61.176.222.170 - - [18/Jan/2019:15:30:45 +0000] "GET http://47.99.121.32:39169/Ip/Up?Ip=27.131.144.56&Port=8080&Check=103&Order=61.176.222.170 HTTP/1.1" 404 162 "-" "Mozilla/5.0 (Windows NT 6.1; WOW64; rv:62.0) Gecko/20100101 Firefox/62.0"
175.8.1.21 - - [18/Jan/2019:15:41:59 +0000] "CONNECT mbp.yimg.com:443 HTTP/1.1" 400 166 "-" "-"
175.8.1.21 - - [18/Jan/2019:15:42:00 +0000] "CONNECT mbp.yimg.com:443 HTTP/1.1" 400 166 "-" "-"
175.8.1.21 - - [18/Jan/2019:15:42:00 +0000] "CONNECT mbp.yimg.com:443 HTTP/1.1" 400 166 "-" "-"
175.8.1.21 - - [18/Jan/2019:15:42:01 +0000] "CONNECT js.foundation:443 HTTP/1.1" 400 166 "-" "-"
175.8.1.21 - - [18/Jan/2019:15:42:02 +0000] "CONNECT js.foundation:443 HTTP/1.1" 400 166 "-" "-"
175.8.1.21 - - [18/Jan/2019:15:42:02 +0000] "CONNECT js.foundation:443 HTTP/1.1" 400 166 "-" "-"
61.176.222.170 - - [18/Jan/2019:15:54:00 +0000] "GET http://47.99.121.32:39169/Ip/Up?Ip=27.131.144.56&Port=8080&Check=103&Order=61.176.222.170 HTTP/1.1" 404 162 "-" "Mozilla/5.0 (Windows NT 6.1; WOW64; rv:62.0) Gecko/20100101 Firefox/62.0"
61.176.222.170 - - [18/Jan/2019:16:05:39 +0000] "GET http://47.99.121.32:39169/Ip/Up?Ip=27.131.144.56&Port=8080&Check=103&Order=61.176.222.170 HTTP/1.1" 404 162 "-" "Mozilla/5.0 (Windows NT 6.1; WOW64; rv:62.0) Gecko/20100101 Firefox/62.0"
179.43.134.156 - - [18/Jan/2019:16:32:03 +0000] "GET /cgi-bin/authLogin.cgi HTTP/1.1" 404 564 "http://www.google.com" "Mozilla/5.0 (Windows NT 6.1; W0W64) AppleWebKit/537.17 (KHTML, like Gecko) Chrome/24.0.1312.52 Safari/537.17"
185.69.104.102 - - [18/Jan/2019:16:40:50 +0000] "GET / HTTP/1.1" 403 564 "-" "Mozilla/5.0 (Windows NT 6.1; WOW64) AppleWebKit/537.36 (KHTML, like Gecko) Chrome/51.0.2704.103 Safari/537.36"
61.176.222.170 - - [18/Jan/2019:16:44:39 +0000] "GET http://47.99.121.32:39169/Ip/Up?Ip=27.131.144.56&Port=8080&Check=103&Order=61.176.222.170 HTTP/1.1" 404 162 "-" "Mozilla/5.0 (Windows NT 6.1; WOW64; rv:62.0) Gecko/20100101 Firefox/62.0"
61.176.222.170 - - [18/Jan/2019:16:48:32 +0000] "GET http://47.99.121.32:39169/Ip/Up?Ip=27.131.144.56&Port=8080&Check=103&Order=61.176.222.170 HTTP/1.1" 404 162 "-" "Mozilla/5.0 (Windows NT 6.1; WOW64; rv:62.0) Gecko/20100101 Firefox/62.0"
61.176.222.170 - - [18/Jan/2019:16:56:17 +0000] "GET http://47.99.121.32:39169/Ip/Up?Ip=27.131.144.56&Port=8080&Check=103&Order=61.176.222.170 HTTP/1.1" 404 162 "-" "Mozilla/5.0 (Windows NT 6.1; WOW64; rv:62.0) Gecko/20100101 Firefox/62.0"
61.176.222.170 - - [18/Jan/2019:17:04:04 +0000] "GET http://47.99.121.32:39169/Ip/Up?Ip=27.131.144.56&Port=8080&Check=103&Order=61.176.222.170 HTTP/1.1" 404 162 "-" "Mozilla/5.0 (Windows NT 6.1; WOW64; rv:62.0) Gecko/20100101 Firefox/62.0"
61.176.222.170 - - [18/Jan/2019:17:27:23 +0000] "GET http://47.99.121.32:39169/Ip/Up?Ip=27.131.144.56&Port=8080&Check=103&Order=61.176.222.170 HTTP/1.1" 404 162 "-" "Mozilla/5.0 (Windows NT 6.1; WOW64; rv:62.0) Gecko/20100101 Firefox/62.0"
188.211.202.14 - - [18/Jan/2019:17:30:00 +0000] "GET / HTTP/1.1" 403 564 "-" "Mozilla/5.0 (Windows NT 10.0; WOW64) AppleWebKit/537.36 (KHTML, like Gecko) Chrome/51.0.2704.103 Safari/537.36"
43.225.159.92 - - [18/Jan/2019:17:30:00 +0000] "POST /phpmyadmin/index.php HTTP/1.1" 404 162 "-" "Mozilla/5.0 (Windows NT 6.1; WOW64)"
61.176.222.170 - - [18/Jan/2019:17:30:37 +0000] "GET http://47.99.121.32:39169/Ip/Up?Ip=27.131.144.56&Port=8080&Check=103&Order=61.176.222.170 HTTP/1.1" 404 162 "-" "Mozilla/5.0 (Windows NT 6.1; WOW64; rv:62.0) Gecko/20100101 Firefox/62.0"
61.176.222.165 - - [18/Jan/2019:17:32:13 +0000] "GET http://47.99.121.32:39169/Ip/Up?Ip=27.131.144.56&Port=8080&Check=103&Order=61.176.222.165 HTTP/1.1" 404 162 "-" "Mozilla/5.0 (Windows NT 6.1; WOW64; rv:62.0) Gecko/20100101 Firefox/62.0"
61.176.222.170 - - [18/Jan/2019:17:33:48 +0000] "GET http://47.99.121.32:39169/Ip/Up?Ip=27.131.144.56&Port=8080&Check=103&Order=61.176.222.170 HTTP/1.1" 404 162 "-" "Mozilla/5.0 (Windows NT 6.1; WOW64; rv:62.0) Gecko/20100101 Firefox/62.0"
190.235.151.85 - - [18/Jan/2019:17:35:30 +0000] "GET / HTTP/1.1" 403 162 "-" "Mozilla/5.0 (Macintosh; Intel Mac OS X 10_11_6) AppleWebKit/601.7.7 (KHTML, like Gecko) Version/9.1.2 Safari/601.7.7"
61.176.222.165 - - [18/Jan/2019:17:40:52 +0000] "GET http://47.99.121.32:39169/Ip/Up?Ip=27.131.144.56&Port=8080&Check=103&Order=61.176.222.165 HTTP/1.1" 404 162 "-" "Mozilla/5.0 (Windows NT 6.1; WOW64; rv:62.0) Gecko/20100101 Firefox/62.0"
61.176.222.165 - - [18/Jan/2019:17:45:53 +0000] "GET http://47.99.121.32:39169/Ip/Up?Ip=27.131.144.56&Port=8080&Check=103&Order=61.176.222.165 HTTP/1.1" 404 162 "-" "Mozilla/5.0 (Windows NT 6.1; WOW64; rv:62.0) Gecko/20100101 Firefox/62.0"
61.176.222.165 - - [18/Jan/2019:17:47:22 +0000] "GET http://47.99.121.32:39169/Ip/Up?Ip=27.131.144.56&Port=8080&Check=103&Order=61.176.222.165 HTTP/1.1" 404 162 "-" "Mozilla/5.0 (Windows NT 6.1; WOW64; rv:62.0) Gecko/20100101 Firefox/62.0"
61.176.222.165 - - [18/Jan/2019:17:54:28 +0000] "GET http://47.99.121.32:39169/Ip/Up?Ip=27.131.144.56&Port=8080&Check=103&Order=61.176.222.165 HTTP/1.1" 404 162 "-" "Mozilla/5.0 (Windows NT 6.1; WOW64; rv:62.0) Gecko/20100101 Firefox/62.0"
61.176.222.165 - - [18/Jan/2019:17:56:01 +0000] "GET http://47.99.121.32:39169/Ip/Up?Ip=27.131.144.56&Port=8080&Check=103&Order=61.176.222.165 HTTP/1.1" 404 162 "-" "Mozilla/5.0 (Windows NT 6.1; WOW64; rv:62.0) Gecko/20100101 Firefox/62.0"
61.176.222.170 - - [18/Jan/2019:17:57:44 +0000] "GET http://47.99.121.32:39169/Ip/Up?Ip=27.131.144.56&Port=8080&Check=103&Order=61.176.222.170 HTTP/1.1" 404 162 "-" "Mozilla/5.0 (Windows NT 6.1; WOW64; rv:62.0) Gecko/20100101 Firefox/62.0"
61.176.222.165 - - [18/Jan/2019:17:59:33 +0000] "GET http://47.99.121.32:39169/Ip/Up?Ip=27.131.144.56&Port=8080&Check=103&Order=61.176.222.165 HTTP/1.1" 404 162 "-" "Mozilla/5.0 (Windows NT 6.1; WOW64; rv:62.0) Gecko/20100101 Firefox/62.0"
61.176.222.165 - - [18/Jan/2019:18:13:08 +0000] "GET http://47.99.121.32:39169/Ip/Up?Ip=27.131.144.56&Port=8080&Check=103&Order=61.176.222.165 HTTP/1.1" 404 162 "-" "Mozilla/5.0 (Windows NT 6.1; WOW64; rv:62.0) Gecko/20100101 Firefox/62.0"
61.176.222.165 - - [18/Jan/2019:18:14:37 +0000] "GET http://47.99.121.32:39169/Ip/Up?Ip=27.131.144.56&Port=8080&Check=103&Order=61.176.222.165 HTTP/1.1" 404 162 "-" "Mozilla/5.0 (Windows NT 6.1; WOW64; rv:62.0) Gecko/20100101 Firefox/62.0"
61.176.222.165 - - [18/Jan/2019:18:18:08 +0000] "GET http://47.99.121.32:39169/Ip/Up?Ip=27.131.144.56&Port=8080&Check=103&Order=61.176.222.165 HTTP/1.1" 404 162 "-" "Mozilla/5.0 (Windows NT 6.1; WOW64; rv:62.0) Gecko/20100101 Firefox/62.0"
61.176.222.165 - - [18/Jan/2019:18:23:09 +0000] "GET http://47.99.121.32:39169/Ip/Up?Ip=27.131.144.56&Port=8080&Check=103&Order=61.176.222.165 HTTP/1.1" 404 162 "-" "Mozilla/5.0 (Windows NT 6.1; WOW64; rv:62.0) Gecko/20100101 Firefox/62.0"
61.176.222.170 - - [18/Jan/2019:18:33:19 +0000] "GET http://47.99.121.32:39169/Ip/Up?Ip=27.131.144.56&Port=8080&Check=103&Order=61.176.222.170 HTTP/1.1" 404 162 "-" "Mozilla/5.0 (Windows NT 6.1; WOW64; rv:62.0) Gecko/20100101 Firefox/62.0"
175.8.1.21 - - [18/Jan/2019:18:58:28 +0000] "CONNECT mbp.yimg.com:443 HTTP/1.1" 400 166 "-" "-"
175.8.1.21 - - [18/Jan/2019:18:58:29 +0000] "CONNECT mbp.yimg.com:443 HTTP/1.1" 400 166 "-" "-"
175.8.1.21 - - [18/Jan/2019:18:58:29 +0000] "CONNECT mbp.yimg.com:443 HTTP/1.1" 400 166 "-" "-"
175.8.1.21 - - [18/Jan/2019:18:58:31 +0000] "CONNECT js.foundation:443 HTTP/1.1" 400 166 "-" "-"
175.8.1.21 - - [18/Jan/2019:18:58:33 +0000] "CONNECT js.foundation:443 HTTP/1.1" 400 166 "-" "-"
175.8.1.21 - - [18/Jan/2019:18:58:34 +0000] "CONNECT js.foundation:443 HTTP/1.1" 400 166 "-" "-"
61.176.222.170 - - [18/Jan/2019:19:16:22 +0000] "GET http://47.99.121.32:39169/Ip/Up?Ip=27.131.144.56&Port=8080&Check=103&Order=61.176.222.170 HTTP/1.1" 404 162 "-" "Mozilla/5.0 (Windows NT 6.1; WOW64; rv:62.0) Gecko/20100101 Firefox/62.0"
61.176.222.170 - - [18/Jan/2019:19:20:19 +0000] "GET http://47.99.121.32:39169/Ip/Up?Ip=27.131.144.56&Port=8080&Check=103&Order=61.176.222.170 HTTP/1.1" 404 162 "-" "Mozilla/5.0 (Windows NT 6.1; WOW64; rv:62.0) Gecko/20100101 Firefox/62.0"
191.96.214.45 - - [18/Jan/2019:19:20:45 +0000] "GET / HTTP/1.0" 403 162 "-" "Mozilla/5.0(WindowsNT6.1;rv:31.0)Gecko/20100101Firefox/31.0"
43.225.159.92 - - [18/Jan/2019:19:22:27 +0000] "POST /phpmyadmin/index.php HTTP/1.1" 404 162 "-" "Mozilla/5.0 (Windows NT 6.1; WOW64)"
61.176.222.170 - - [18/Jan/2019:19:35:55 +0000] "GET http://47.99.121.32:39169/Ip/Up?Ip=27.131.144.56&Port=8080&Check=103&Order=61.176.222.170 HTTP/1.1" 404 162 "-" "Mozilla/5.0 (Windows NT 6.1; WOW64; rv:62.0) Gecko/20100101 Firefox/62.0"
61.176.222.170 - - [18/Jan/2019:19:51:32 +0000] "GET http://47.99.121.32:39169/Ip/Up?Ip=27.131.144.56&Port=8080&Check=103&Order=61.176.222.170 HTTP/1.1" 404 162 "-" "Mozilla/5.0 (Windows NT 6.1; WOW64; rv:62.0) Gecko/20100101 Firefox/62.0"
181.210.37.76 - - [18/Jan/2019:19:54:34 +0000] "GET / HTTP/1.1" 403 564 "-" "Mozilla/5.0 (Windows NT 10.0; WOW64) AppleWebKit/537.36 (KHTML, like Gecko) Chrome/51.0.2704.103 Safari/537.36"
61.176.222.170 - - [18/Jan/2019:19:55:21 +0000] "GET http://47.99.121.32:39169/Ip/Up?Ip=27.131.144.56&Port=8080&Check=103&Order=61.176.222.170 HTTP/1.1" 404 162 "-" "Mozilla/5.0 (Windows NT 6.1; WOW64; rv:62.0) Gecko/20100101 Firefox/62.0"
119.42.112.243 - - [18/Jan/2019:20:22:26 +0000] "GET / HTTP/1.0" 403 162 "-" "-"
110.36.210.50 - - [18/Jan/2019:20:28:46 +0000] "GET / HTTP/1.1" 403 162 "-" "Mozilla/5.0 (Macintosh; Intel Mac OS X 10_11_6) AppleWebKit/601.7.7 (KHTML, like Gecko) Version/9.1.2 Safari/601.7.7"
61.176.222.170 - - [18/Jan/2019:20:42:06 +0000] "GET http://47.99.121.32:39169/Ip/Up?Ip=27.131.144.56&Port=8080&Check=103&Order=61.176.222.170 HTTP/1.1" 404 162 "-" "Mozilla/5.0 (Windows NT 6.1; WOW64; rv:62.0) Gecko/20100101 Firefox/62.0"
61.176.222.170 - - [18/Jan/2019:21:05:23 +0000] "GET http://47.99.121.32:39169/Ip/Up?Ip=27.131.144.56&Port=8080&Check=103&Order=61.176.222.170 HTTP/1.1" 404 162 "-" "Mozilla/5.0 (Windows NT 6.1; WOW64; rv:62.0) Gecko/20100101 Firefox/62.0"
61.176.222.170 - - [18/Jan/2019:21:13:15 +0000] "GET http://47.99.121.32:39169/Ip/Up?Ip=27.131.144.56&Port=8080&Check=103&Order=61.176.222.170 HTTP/1.1" 404 162 "-" "Mozilla/5.0 (Windows NT 6.1; WOW64; rv:62.0) Gecko/20100101 Firefox/62.0"
61.176.222.170 - - [18/Jan/2019:21:17:05 +0000] "GET http://47.99.121.32:39169/Ip/Up?Ip=27.131.144.56&Port=8080&Check=103&Order=61.176.222.170 HTTP/1.1" 404 162 "-" "Mozilla/5.0 (Windows NT 6.1; WOW64; rv:62.0) Gecko/20100101 Firefox/62.0"
61.176.222.170 - - [18/Jan/2019:21:21:01 +0000] "GET http://47.99.121.32:39169/Ip/Up?Ip=27.131.144.56&Port=8080&Check=103&Order=61.176.222.170 HTTP/1.1" 404 162 "-" "Mozilla/5.0 (Windows NT 6.1; WOW64; rv:62.0) Gecko/20100101 Firefox/62.0"
61.176.222.170 - - [18/Jan/2019:21:24:55 +0000] "GET http://47.99.121.32:39169/Ip/Up?Ip=27.131.144.56&Port=8080&Check=103&Order=61.176.222.170 HTTP/1.1" 404 162 "-" "Mozilla/5.0 (Windows NT 6.1; WOW64; rv:62.0) Gecko/20100101 Firefox/62.0"
